<html>
<body>
<pre>
<h1>µVision Build Log</h1>
<h2>Tool Versions:</h2>
IDE-Version: µVision V5.17.0.0
Copyright (C) 2015 ARM Ltd and ARM Germany GmbH. All rights reserved.
License Information: Matt Winstanley , Matt Winstanley, LIC=----
 
Tool Versions:
Toolchain:       MDK-Lite  Version: 5.17
Toolchain Path:  C:\Keil_v5\ARM\ARMCC\Bin
C Compiler:      Armcc.exe V5.06 update 1 (build 61)
Assembler:       Armasm.exe V5.06 update 1 (build 61)
Linker/Locator:  ArmLink.exe V5.06 update 1 (build 61)
Library Manager: ArmAr.exe V5.06 update 1 (build 61)
Hex Converter:   FromElf.exe V5.06 update 1 (build 61)
CPU DLL:         SARMCM3.DLL V5.17
Dialog DLL:      DCM.DLL V1.13.4.0
Target DLL:      STLink\ST-LINKIII-KEIL_SWO.dll V2.0.18.0
Dialog DLL:      TCM.DLL V1.14.6.0
 
<h2>Project:</h2>
C:\Users\Matt\Google Drive\Course\Year 4\MEng Project\Digital\SoundAnalyser\06-STM32F429_ADC\project.uvprojx
Project File Date:  02/03/2016

<h2>Output:</h2>
*** Using Compiler 'V5.06 update 1 (build 61)', folder: 'C:\Keil_v5\ARM\ARMCC\Bin'
Build target 'STM32F4-Discovery'
compiling samplingTimer.c...
compiling main.c...
User\main.c(25): warning:  #177-D: variable "high" was declared but never referenced
  	uint16_t high = 0;
User\main.c(26): warning:  #177-D: variable "low" was declared but never referenced
  	uint16_t low = 3000;
User\main.c(27): warning:  #177-D: variable "read" was declared but never referenced
  	uint16_t read;
User\main.c: 3 warnings, 0 errors
linking...
Program Size: Code=12132 RO-data=424 RW-data=152 ZI-data=1888  
FromELF: creating hex file...
".\Targets\STM32F4_Discovery\project.axf" - 0 Error(s), 3 Warning(s).

<h2>Collection of Component include folders:</h2>
  C:\Users\Matt\Google Drive\Course\Year 4\MEng Project\Digital\SoundAnalyser\06-STM32F429_ADC\RTE
  C:\Keil_v5\ARM\PACK\Keil\STM32F4xx_DFP\2.7.0\Drivers\CMSIS\Device\ST\STM32F4xx\Include

<h2>Collection of Component Files used:</h2>
Build Time Elapsed:  00:00:05
</pre>
</body>
</html>
