Component: ARM Compiler 5.06 update 1 (build 61) Tool: armlink [4d35a8]

==============================================================================

Section Cross References

    startup_stm32f40_41xxx.o(STACK) refers (Special) to heapauxi.o(.text) for __use_two_region_memory
    startup_stm32f40_41xxx.o(HEAP) refers (Special) to heapauxi.o(.text) for __use_two_region_memory
    startup_stm32f40_41xxx.o(RESET) refers (Special) to heapauxi.o(.text) for __use_two_region_memory
    startup_stm32f40_41xxx.o(RESET) refers to startup_stm32f40_41xxx.o(STACK) for __initial_sp
    startup_stm32f40_41xxx.o(RESET) refers to startup_stm32f40_41xxx.o(.text) for Reset_Handler
    startup_stm32f40_41xxx.o(RESET) refers to stm32f4xx_it.o(.text) for NMI_Handler
    startup_stm32f40_41xxx.o(RESET) refers to tm_stm32f4_rtc.o(.text) for RTC_WKUP_IRQHandler
    startup_stm32f40_41xxx.o(RESET) refers to sdcard.o(.text) for EXTI9_5_IRQHandler
    startup_stm32f40_41xxx.o(RESET) refers to samplingtimer.o(.text) for TIM2_IRQHandler
    startup_stm32f40_41xxx.o(RESET) refers to tm_stm32f4_usart.o(.text) for USART1_IRQHandler
    startup_stm32f40_41xxx.o(RESET) refers to fatfs_sd_sdio.o(.text) for SDIO_IRQHandler
    startup_stm32f40_41xxx.o(.text) refers (Special) to heapauxi.o(.text) for __use_two_region_memory
    startup_stm32f40_41xxx.o(.text) refers to system_stm32f4xx.o(.text) for SystemInit
    startup_stm32f40_41xxx.o(.text) refers to __main.o(!!!main) for __main
    startup_stm32f40_41xxx.o(.text) refers to startup_stm32f40_41xxx.o(HEAP) for Heap_Mem
    startup_stm32f40_41xxx.o(.text) refers to startup_stm32f40_41xxx.o(STACK) for Stack_Mem
    stm32f4xx_rcc.o(.text) refers to stm32f4xx_rcc.o(.data) for .data
    stm32f4xx_gpio.o(.text) refers to stm32f4xx_rcc.o(.text) for RCC_AHB1PeriphResetCmd
    stm32f4xx_adc.o(.text) refers to stm32f4xx_rcc.o(.text) for RCC_APB2PeriphResetCmd
    stm32f4xx_usart.o(.text) refers to stm32f4xx_rcc.o(.text) for RCC_APB2PeriphResetCmd
    stm32f4xx_tim.o(.text) refers to stm32f4xx_rcc.o(.text) for RCC_APB2PeriphResetCmd
    stm32f4xx_sdio.o(.text) refers to stm32f4xx_rcc.o(.text) for RCC_APB2PeriphResetCmd
    stm32f4xx_spi.o(.text) refers to stm32f4xx_rcc.o(.text) for RCC_APB1PeriphResetCmd
    stm32f4xx_pwr.o(.text) refers to stm32f4xx_rcc.o(.text) for RCC_APB1PeriphResetCmd
    stm32f4xx_syscfg.o(.text) refers to stm32f4xx_rcc.o(.text) for RCC_APB2PeriphResetCmd
    tm_stm32f4_delay.o(.text) refers to h1_alloc.o(.text) for malloc
    tm_stm32f4_delay.o(.text) refers to h1_free.o(.text) for free
    tm_stm32f4_delay.o(.text) refers to tm_stm32f4_delay.o(.data) for .data
    tm_stm32f4_delay.o(.text) refers to tm_stm32f4_delay.o(.bss) for .bss
    tm_stm32f4_delay.o(.text) refers to system_stm32f4xx.o(.data) for SystemCoreClock
    tm_stm32f4_adc.o(.text) refers to stm32f4xx_adc.o(.text) for ADC_CommonInit
    tm_stm32f4_adc.o(.text) refers to tm_stm32f4_gpio.o(.text) for TM_GPIO_Init
    tm_stm32f4_usart.o(.text) refers to usart.o(.text) for TM_USART_InitCustomPinsCallback
    tm_stm32f4_usart.o(.text) refers to tm_stm32f4_gpio.o(.text) for TM_GPIO_InitAlternate
    tm_stm32f4_usart.o(.text) refers to stm32f4xx_usart.o(.text) for USART_DeInit
    tm_stm32f4_usart.o(.text) refers to misc.o(.text) for NVIC_Init
    tm_stm32f4_usart.o(.text) refers to tm_stm32f4_usart.o(.data) for .data
    tm_stm32f4_usart.o(.text) refers (Weak) to usart.o(.text) for TM_USART1_ReceiveHandler
    tm_stm32f4_usart.o(.data) refers to tm_stm32f4_usart.o(.bss) for TM_USART1_Buffer
    tm_stm32f4_usart.o(.data) refers to tm_stm32f4_usart.o(.bss) for TM_USART2_Buffer
    tm_stm32f4_usart.o(.data) refers to tm_stm32f4_usart.o(.bss) for TM_USART3_Buffer
    tm_stm32f4_usart.o(.data) refers to tm_stm32f4_usart.o(.bss) for TM_UART4_Buffer
    tm_stm32f4_usart.o(.data) refers to tm_stm32f4_usart.o(.bss) for TM_UART5_Buffer
    tm_stm32f4_usart.o(.data) refers to tm_stm32f4_usart.o(.bss) for TM_USART6_Buffer
    tm_stm32f4_gpio.o(.text) refers to tm_stm32f4_gpio.o(.bss) for .bss
    tm_stm32f4_fatfs.o(.text) refers to _printf_percent.o(.ARM.Collect$$_printf_percent$$00000000) for _printf_percent
    tm_stm32f4_fatfs.o(.text) refers to _printf_s.o(.ARM.Collect$$_printf_percent$$00000014) for _printf_s
    tm_stm32f4_fatfs.o(.text) refers to _printf_str.o(.text) for _printf_str
    tm_stm32f4_fatfs.o(.text) refers to ff.o(.text) for f_getfree
    tm_stm32f4_fatfs.o(.text) refers to dflt_clz.o(x$fpl$dfltu) for __aeabi_ui2d
    tm_stm32f4_fatfs.o(.text) refers to dmul.o(x$fpl$dmul) for __aeabi_dmul
    tm_stm32f4_fatfs.o(.text) refers to dfixu.o(x$fpl$dfixu) for __aeabi_d2uiz
    tm_stm32f4_fatfs.o(.text) refers to strlen.o(.text) for strlen
    tm_stm32f4_fatfs.o(.text) refers to noretval__2sprintf.o(.text) for __2sprintf
    tm_stm32f4_fatfs.o(.text) refers to h1_alloc.o(.text) for malloc
    tm_stm32f4_fatfs.o(.text) refers to strcpy.o(.text) for strcpy
[...]
    RCC_DeInit                               0x080002d9   Thumb Code    68  stm32f4xx_rcc.o(.text)
    RCC_HSEConfig                            0x0800031d   Thumb Code    12  stm32f4xx_rcc.o(.text)
    RCC_GetFlagStatus                        0x08000329   Thumb Code    46  stm32f4xx_rcc.o(.text)
    RCC_WaitForHSEStartUp                    0x08000357   Thumb Code    44  stm32f4xx_rcc.o(.text)
    RCC_AdjustHSICalibrationValue            0x08000383   Thumb Code    16  stm32f4xx_rcc.o(.text)
    RCC_HSICmd                               0x08000393   Thumb Code     6  stm32f4xx_rcc.o(.text)
    RCC_LSEConfig                            0x08000399   Thumb Code    24  stm32f4xx_rcc.o(.text)
    RCC_LSICmd                               0x080003b1   Thumb Code     6  stm32f4xx_rcc.o(.text)
    RCC_PLLConfig                            0x080003b7   Thumb Code    32  stm32f4xx_rcc.o(.text)
    RCC_PLLCmd                               0x080003d7   Thumb Code     6  stm32f4xx_rcc.o(.text)
    RCC_PLLI2SConfig                         0x080003dd   Thumb Code    14  stm32f4xx_rcc.o(.text)
    RCC_PLLI2SCmd                            0x080003eb   Thumb Code     6  stm32f4xx_rcc.o(.text)
    RCC_PLLSAIConfig                         0x080003f1   Thumb Code    18  stm32f4xx_rcc.o(.text)
    RCC_PLLSAICmd                            0x08000403   Thumb Code     6  stm32f4xx_rcc.o(.text)
    RCC_ClockSecuritySystemCmd               0x08000409   Thumb Code     6  stm32f4xx_rcc.o(.text)
    RCC_MCO1Config                           0x0800040f   Thumb Code    18  stm32f4xx_rcc.o(.text)
    RCC_MCO2Config                           0x08000421   Thumb Code    18  stm32f4xx_rcc.o(.text)
    RCC_SYSCLKConfig                         0x08000433   Thumb Code    16  stm32f4xx_rcc.o(.text)
    RCC_GetSYSCLKSource                      0x08000443   Thumb Code    12  stm32f4xx_rcc.o(.text)
    RCC_HCLKConfig                           0x0800044f   Thumb Code    16  stm32f4xx_rcc.o(.text)
    RCC_PCLK1Config                          0x0800045f   Thumb Code    16  stm32f4xx_rcc.o(.text)
    RCC_PCLK2Config                          0x0800046f   Thumb Code    18  stm32f4xx_rcc.o(.text)
    RCC_GetClocksFreq                        0x08000481   Thumb Code   134  stm32f4xx_rcc.o(.text)
    RCC_RTCCLKConfig                         0x08000507   Thumb Code    42  stm32f4xx_rcc.o(.text)
    RCC_RTCCLKCmd                            0x08000531   Thumb Code     8  stm32f4xx_rcc.o(.text)
    RCC_BackupResetCmd                       0x08000539   Thumb Code     8  stm32f4xx_rcc.o(.text)
    RCC_I2SCLKConfig                         0x08000541   Thumb Code     8  stm32f4xx_rcc.o(.text)
    RCC_SAIBlockACLKConfig                   0x08000549   Thumb Code    16  stm32f4xx_rcc.o(.text)
    RCC_SAIBlockBCLKConfig                   0x08000559   Thumb Code    16  stm32f4xx_rcc.o(.text)
    RCC_SAIPLLI2SClkDivConfig                0x08000569   Thumb Code    18  stm32f4xx_rcc.o(.text)
    RCC_SAIPLLSAIClkDivConfig                0x0800057b   Thumb Code    24  stm32f4xx_rcc.o(.text)
    RCC_LTDCCLKDivConfig                     0x08000593   Thumb Code    16  stm32f4xx_rcc.o(.text)
    RCC_TIMCLKPresConfig                     0x080005a3   Thumb Code     8  stm32f4xx_rcc.o(.text)
    RCC_AHB1PeriphClockCmd                   0x080005ab   Thumb Code    20  stm32f4xx_rcc.o(.text)
    RCC_AHB2PeriphClockCmd                   0x080005bf   Thumb Code    20  stm32f4xx_rcc.o(.text)
    RCC_AHB3PeriphClockCmd                   0x080005d3   Thumb Code    20  stm32f4xx_rcc.o(.text)
    RCC_APB1PeriphClockCmd                   0x080005e7   Thumb Code    20  stm32f4xx_rcc.o(.text)
    RCC_APB2PeriphClockCmd                   0x080005fb   Thumb Code    20  stm32f4xx_rcc.o(.text)
    RCC_AHB1PeriphResetCmd                   0x0800060f   Thumb Code    20  stm32f4xx_rcc.o(.text)
    RCC_AHB2PeriphResetCmd                   0x08000623   Thumb Code    20  stm32f4xx_rcc.o(.text)
    RCC_AHB3PeriphResetCmd                   0x08000637   Thumb Code    20  stm32f4xx_rcc.o(.text)
    RCC_APB1PeriphResetCmd                   0x0800064b   Thumb Code    20  stm32f4xx_rcc.o(.text)
    RCC_APB2PeriphResetCmd                   0x0800065f   Thumb Code    20  stm32f4xx_rcc.o(.text)
    RCC_AHB1PeriphClockLPModeCmd             0x08000673   Thumb Code    20  stm32f4xx_rcc.o(.text)
    RCC_AHB2PeriphClockLPModeCmd             0x08000687   Thumb Code    20  stm32f4xx_rcc.o(.text)
    RCC_AHB3PeriphClockLPModeCmd             0x0800069b   Thumb Code    20  stm32f4xx_rcc.o(.text)
    RCC_APB1PeriphClockLPModeCmd             0x080006af   Thumb Code    64  stm32f4xx_rcc.o(.text)
    RCC_APB2PeriphClockLPModeCmd             0x080006ef   Thumb Code    18  stm32f4xx_rcc.o(.text)
    RCC_LSEModeConfig                        0x08000701   Thumb Code    24  stm32f4xx_rcc.o(.text)
    RCC_ITConfig                             0x08000719   Thumb Code    20  stm32f4xx_rcc.o(.text)
    RCC_ClearFlag                            0x0800072d   Thumb Code    14  stm32f4xx_rcc.o(.text)
    RCC_GetITStatus                          0x0800073b   Thumb Code    18  stm32f4xx_rcc.o(.text)
    RCC_ClearITPendingBit                    0x0800074d   Thumb Code     8  stm32f4xx_rcc.o(.text)
    GPIO_DeInit                              0x08000759   Thumb Code   216  stm32f4xx_gpio.o(.text)
    GPIO_Init                                0x08000831   Thumb Code   120  stm32f4xx_gpio.o(.text)
    GPIO_StructInit                          0x080008a9   Thumb Code    18  stm32f4xx_gpio.o(.text)
    GPIO_PinLockConfig                       0x080008bb   Thumb Code    24  stm32f4xx_gpio.o(.text)
    GPIO_ReadInputDataBit                    0x080008d3   Thumb Code    14  stm32f4xx_gpio.o(.text)
    GPIO_ReadInputData                       0x080008e1   Thumb Code     6  stm32f4xx_gpio.o(.text)
    GPIO_ReadOutputDataBit                   0x080008e7   Thumb Code    14  stm32f4xx_gpio.o(.text)
    GPIO_ReadOutputData                      0x080008f5   Thumb Code     6  stm32f4xx_gpio.o(.text)
    GPIO_SetBits                             0x080008fb   Thumb Code     4  stm32f4xx_gpio.o(.text)
    GPIO_ResetBits                           0x080008ff   Thumb Code     4  stm32f4xx_gpio.o(.text)
    GPIO_WriteBit                            0x08000903   Thumb Code    10  stm32f4xx_gpio.o(.text)
    GPIO_Write                               0x0800090d   Thumb Code     4  stm32f4xx_gpio.o(.text)
    GPIO_ToggleBits                          0x08000911   Thumb Code     8  stm32f4xx_gpio.o(.text)
    GPIO_PinAFConfig                         0x08000919   Thumb Code    32  stm32f4xx_gpio.o(.text)
    NVIC_PriorityGroupConfig                 0x08000965   Thumb Code    10  misc.o(.text)
    NVIC_Init                                0x0800096f   Thumb Code    96  misc.o(.text)
    NVIC_SetVectorTable                      0x080009cf   Thumb Code    14  misc.o(.text)
    NVIC_SystemLPConfig                      0x080009dd   Thumb Code    20  misc.o(.text)
    SysTick_CLKSourceConfig                  0x080009f1   Thumb Code    24  misc.o(.text)
    ADC_DeInit                               0x08000a15   Thumb Code    24  stm32f4xx_adc.o(.text)
    ADC_Init                                 0x08000a2d   Thumb Code    66  stm32f4xx_adc.o(.text)
    ADC_StructInit                           0x08000a6f   Thumb Code    20  stm32f4xx_adc.o(.text)
    ADC_CommonInit                           0x08000a83   Thumb Code    34  stm32f4xx_adc.o(.text)
    ADC_CommonStructInit                     0x08000aa5   Thumb Code    12  stm32f4xx_adc.o(.text)
    ADC_Cmd                                  0x08000ab1   Thumb Code    20  stm32f4xx_adc.o(.text)
    ADC_AnalogWatchdogCmd                    0x08000ac5   Thumb Code    12  stm32f4xx_adc.o(.text)
    ADC_AnalogWatchdogThresholdsConfig       0x08000ad1   Thumb Code     6  stm32f4xx_adc.o(.text)
    ADC_AnalogWatchdogSingleChannelConfig    0x08000ad7   Thumb Code    12  stm32f4xx_adc.o(.text)
    ADC_TempSensorVrefintCmd                 0x08000ae3   Thumb Code    26  stm32f4xx_adc.o(.text)
    ADC_VBATCmd                              0x08000afd   Thumb Code    26  stm32f4xx_adc.o(.text)
    ADC_RegularChannelConfig                 0x08000b17   Thumb Code   116  stm32f4xx_adc.o(.text)
    ADC_SoftwareStartConv                    0x08000b8b   Thumb Code    10  stm32f4xx_adc.o(.text)
    ADC_GetSoftwareStartConvStatus           0x08000b95   Thumb Code    14  stm32f4xx_adc.o(.text)
    ADC_EOCOnEachRegularChannelCmd           0x08000ba3   Thumb Code    20  stm32f4xx_adc.o(.text)
    ADC_ContinuousModeCmd                    0x08000bb7   Thumb Code    20  stm32f4xx_adc.o(.text)
    ADC_DiscModeChannelCountConfig           0x08000bcb   Thumb Code    16  stm32f4xx_adc.o(.text)
    ADC_DiscModeCmd                          0x08000bdb   Thumb Code    20  stm32f4xx_adc.o(.text)
    ADC_GetConversionValue                   0x08000bef   Thumb Code     6  stm32f4xx_adc.o(.text)
    ADC_GetMultiModeConversionValue          0x08000bf5   Thumb Code     8  stm32f4xx_adc.o(.text)
    ADC_DMACmd                               0x08000bfd   Thumb Code    20  stm32f4xx_adc.o(.text)
    ADC_DMARequestAfterLastTransferCmd       0x08000c11   Thumb Code    20  stm32f4xx_adc.o(.text)
    ADC_MultiModeDMARequestAfterLastTransferCmd 0x08000c25   Thumb Code    26  stm32f4xx_adc.o(.text)
    ADC_InjectedChannelConfig                0x08000c3f   Thumb Code    74  stm32f4xx_adc.o(.text)
    ADC_InjectedSequencerLengthConfig        0x08000c89   Thumb Code    16  stm32f4xx_adc.o(.text)
    ADC_SetInjectedOffset                    0x08000c99   Thumb Code    10  stm32f4xx_adc.o(.text)
    ADC_ExternalTrigInjectedConvConfig       0x08000ca3   Thumb Code    12  stm32f4xx_adc.o(.text)
    ADC_ExternalTrigInjectedConvEdgeConfig   0x08000caf   Thumb Code    12  stm32f4xx_adc.o(.text)
    ADC_SoftwareStartInjectedConv            0x08000cbb   Thumb Code    10  stm32f4xx_adc.o(.text)
    ADC_GetSoftwareStartInjectedConvCmdStatus 0x08000cc5   Thumb Code    14  stm32f4xx_adc.o(.text)
    ADC_AutoInjectedConvCmd                  0x08000cd3   Thumb Code    20  stm32f4xx_adc.o(.text)
    ADC_InjectedDiscModeCmd                  0x08000ce7   Thumb Code    20  stm32f4xx_adc.o(.text)
    ADC_GetInjectedConversionValue           0x08000cfb   Thumb Code    14  stm32f4xx_adc.o(.text)
    ADC_ITConfig                             0x08000d09   Thumb Code    18  stm32f4xx_adc.o(.text)
    ADC_GetFlagStatus                        0x08000d1b   Thumb Code    14  stm32f4xx_adc.o(.text)
    ADC_ClearFlag                            0x08000d29   Thumb Code     6  stm32f4xx_adc.o(.text)
    ADC_GetITStatus                          0x08000d2f   Thumb Code    30  stm32f4xx_adc.o(.text)
    ADC_ClearITPendingBit                    0x08000d4d   Thumb Code     8  stm32f4xx_adc.o(.text)
    USART_DeInit                             0x08000d69   Thumb Code   138  stm32f4xx_usart.o(.text)
    USART_Init                               0x08000df3   Thumb Code   164  stm32f4xx_usart.o(.text)
    USART_StructInit                         0x08000e97   Thumb Code    22  stm32f4xx_usart.o(.text)
    USART_ClockInit                          0x08000ead   Thumb Code    28  stm32f4xx_usart.o(.text)
    USART_ClockStructInit                    0x08000ec9   Thumb Code    12  stm32f4xx_usart.o(.text)
    USART_Cmd                                0x08000ed5   Thumb Code    20  stm32f4xx_usart.o(.text)
    USART_SetPrescaler                       0x08000ee9   Thumb Code    16  stm32f4xx_usart.o(.text)
    USART_OverSampling8Cmd                   0x08000ef9   Thumb Code    20  stm32f4xx_usart.o(.text)
    USART_OneBitMethodCmd                    0x08000f0d   Thumb Code    20  stm32f4xx_usart.o(.text)
    USART_SendData                           0x08000f21   Thumb Code     8  stm32f4xx_usart.o(.text)
    USART_ReceiveData                        0x08000f29   Thumb Code     8  stm32f4xx_usart.o(.text)
    USART_SetAddress                         0x08000f31   Thumb Code    16  stm32f4xx_usart.o(.text)
    USART_ReceiverWakeUpCmd                  0x08000f41   Thumb Code    20  stm32f4xx_usart.o(.text)
    USART_WakeUpConfig                       0x08000f55   Thumb Code    16  stm32f4xx_usart.o(.text)
    USART_LINBreakDetectLengthConfig         0x08000f65   Thumb Code    16  stm32f4xx_usart.o(.text)
    USART_LINCmd                             0x08000f75   Thumb Code    20  stm32f4xx_usart.o(.text)
    USART_SendBreak                          0x08000f89   Thumb Code    10  stm32f4xx_usart.o(.text)
    USART_HalfDuplexCmd                      0x08000f93   Thumb Code    20  stm32f4xx_usart.o(.text)
    USART_SetGuardTime                       0x08000fa7   Thumb Code    16  stm32f4xx_usart.o(.text)
    USART_SmartCardCmd                       0x08000fb7   Thumb Code    20  stm32f4xx_usart.o(.text)
    USART_SmartCardNACKCmd                   0x08000fcb   Thumb Code    20  stm32f4xx_usart.o(.text)
    USART_IrDAConfig                         0x08000fdf   Thumb Code    16  stm32f4xx_usart.o(.text)
    USART_IrDACmd                            0x08000fef   Thumb Code    20  stm32f4xx_usart.o(.text)
    USART_DMACmd                             0x08001003   Thumb Code    16  stm32f4xx_usart.o(.text)
    USART_ITConfig                           0x08001013   Thumb Code    48  stm32f4xx_usart.o(.text)
    USART_GetFlagStatus                      0x08001043   Thumb Code    14  stm32f4xx_usart.o(.text)
    USART_ClearFlag                          0x08001051   Thumb Code     6  stm32f4xx_usart.o(.text)
    USART_GetITStatus                        0x08001057   Thumb Code    62  stm32f4xx_usart.o(.text)
    USART_ClearITPendingBit                  0x08001095   Thumb Code    12  stm32f4xx_usart.o(.text)
    TIM_DeInit                               0x080010c1   Thumb Code   284  stm32f4xx_tim.o(.text)
    TIM_TimeBaseInit                         0x080011dd   Thumb Code    96  stm32f4xx_tim.o(.text)
    TIM_TimeBaseStructInit                   0x0800123d   Thumb Code    18  stm32f4xx_tim.o(.text)
    TIM_PrescalerConfig                      0x0800124f   Thumb Code     6  stm32f4xx_tim.o(.text)
    TIM_CounterModeConfig                    0x08001255   Thumb Code    12  stm32f4xx_tim.o(.text)
    TIM_SetCounter                           0x08001261   Thumb Code     4  stm32f4xx_tim.o(.text)
    TIM_SetAutoreload                        0x08001265   Thumb Code     4  stm32f4xx_tim.o(.text)
    TIM_GetCounter                           0x08001269   Thumb Code     4  stm32f4xx_tim.o(.text)
    TIM_GetPrescaler                         0x0800126d   Thumb Code     4  stm32f4xx_tim.o(.text)
    TIM_UpdateDisableConfig                  0x08001271   Thumb Code    20  stm32f4xx_tim.o(.text)
    TIM_UpdateRequestConfig                  0x08001285   Thumb Code    20  stm32f4xx_tim.o(.text)
    TIM_ARRPreloadConfig                     0x08001299   Thumb Code    20  stm32f4xx_tim.o(.text)
    TIM_SelectOnePulseMode                   0x080012ad   Thumb Code    16  stm32f4xx_tim.o(.text)
    TIM_SetClockDivision                     0x080012bd   Thumb Code    16  stm32f4xx_tim.o(.text)
    TIM_Cmd                                  0x080012cd   Thumb Code    20  stm32f4xx_tim.o(.text)
    TIM_OC1Init                              0x080012e1   Thumb Code    88  stm32f4xx_tim.o(.text)
    TIM_OC2Init                              0x08001339   Thumb Code   120  stm32f4xx_tim.o(.text)
    TIM_OC3Init                              0x080013b1   Thumb Code   116  stm32f4xx_tim.o(.text)
    TIM_OC4Init                              0x08001425   Thumb Code    88  stm32f4xx_tim.o(.text)
    TIM_OCStructInit                         0x0800147d   Thumb Code    20  stm32f4xx_tim.o(.text)
    TIM_SelectOCxM                           0x08001491   Thumb Code   130  stm32f4xx_tim.o(.text)
    TIM_SetCompare1                          0x08001513   Thumb Code     4  stm32f4xx_tim.o(.text)
    TIM_SetCompare2                          0x08001517   Thumb Code     4  stm32f4xx_tim.o(.text)
    TIM_SetCompare3                          0x0800151b   Thumb Code     4  stm32f4xx_tim.o(.text)
    TIM_SetCompare4                          0x0800151f   Thumb Code     4  stm32f4xx_tim.o(.text)
    TIM_ForcedOC1Config                      0x08001523   Thumb Code    12  stm32f4xx_tim.o(.text)
    TIM_ForcedOC2Config                      0x0800152f   Thumb Code    20  stm32f4xx_tim.o(.text)
    TIM_ForcedOC3Config                      0x08001543   Thumb Code    12  stm32f4xx_tim.o(.text)
    TIM_ForcedOC4Config                      0x0800154f   Thumb Code    20  stm32f4xx_tim.o(.text)
    TIM_OC1PreloadConfig                     0x08001563   Thumb Code    12  stm32f4xx_tim.o(.text)
    TIM_OC2PreloadConfig                     0x0800156f   Thumb Code    20  stm32f4xx_tim.o(.text)
    TIM_OC3PreloadConfig                     0x08001583   Thumb Code    12  stm32f4xx_tim.o(.text)
    TIM_OC4PreloadConfig                     0x0800158f   Thumb Code    20  stm32f4xx_tim.o(.text)
    TIM_OC1FastConfig                        0x080015a3   Thumb Code    12  stm32f4xx_tim.o(.text)
    TIM_OC2FastConfig                        0x080015af   Thumb Code    20  stm32f4xx_tim.o(.text)
    TIM_OC3FastConfig                        0x080015c3   Thumb Code    12  stm32f4xx_tim.o(.text)
    TIM_OC4FastConfig                        0x080015cf   Thumb Code    20  stm32f4xx_tim.o(.text)
    TIM_ClearOC1Ref                          0x080015e3   Thumb Code    12  stm32f4xx_tim.o(.text)
    TIM_ClearOC2Ref                          0x080015ef   Thumb Code    20  stm32f4xx_tim.o(.text)
    TIM_ClearOC3Ref                          0x08001603   Thumb Code    12  stm32f4xx_tim.o(.text)
    TIM_ClearOC4Ref                          0x0800160f   Thumb Code    20  stm32f4xx_tim.o(.text)
    TIM_OC1PolarityConfig                    0x08001623   Thumb Code    12  stm32f4xx_tim.o(.text)
    TIM_OC1NPolarityConfig                   0x0800162f   Thumb Code    12  stm32f4xx_tim.o(.text)
    TIM_OC2PolarityConfig                    0x0800163b   Thumb Code    20  stm32f4xx_tim.o(.text)
    TIM_OC2NPolarityConfig                   0x0800164f   Thumb Code    20  stm32f4xx_tim.o(.text)
    TIM_OC3PolarityConfig                    0x08001663   Thumb Code    20  stm32f4xx_tim.o(.text)
    TIM_OC3NPolarityConfig                   0x08001677   Thumb Code    20  stm32f4xx_tim.o(.text)
    TIM_OC4PolarityConfig                    0x0800168b   Thumb Code    20  stm32f4xx_tim.o(.text)
    TIM_CCxCmd                               0x0800169f   Thumb Code    22  stm32f4xx_tim.o(.text)
    TIM_CCxNCmd                              0x080016b5   Thumb Code    22  stm32f4xx_tim.o(.text)
    TIM_SetIC4Prescaler                      0x080016cb   Thumb Code    24  stm32f4xx_tim.o(.text)
    TIM_SetIC3Prescaler                      0x080016e3   Thumb Code    16  stm32f4xx_tim.o(.text)
    TIM_SetIC2Prescaler                      0x080016f3   Thumb Code    24  stm32f4xx_tim.o(.text)
    TIM_SetIC1Prescaler                      0x08001741   Thumb Code    16  stm32f4xx_tim.o(.text)
    TIM_ICInit                               0x08001751   Thumb Code   164  stm32f4xx_tim.o(.text)
    TIM_ICStructInit                         0x080017f5   Thumb Code    16  stm32f4xx_tim.o(.text)
    TIM_PWMIConfig                           0x08001805   Thumb Code   104  stm32f4xx_tim.o(.text)
    TIM_GetCapture1                          0x0800186d   Thumb Code     4  stm32f4xx_tim.o(.text)
    TIM_GetCapture2                          0x08001871   Thumb Code     4  stm32f4xx_tim.o(.text)
    TIM_GetCapture3                          0x08001875   Thumb Code     4  stm32f4xx_tim.o(.text)
    TIM_GetCapture4                          0x08001879   Thumb Code     4  stm32f4xx_tim.o(.text)
    TIM_BDTRConfig                           0x0800187d   Thumb Code    34  stm32f4xx_tim.o(.text)
    TIM_BDTRStructInit                       0x0800189f   Thumb Code    18  stm32f4xx_tim.o(.text)
    TIM_CtrlPWMOutputs                       0x080018b1   Thumb Code    22  stm32f4xx_tim.o(.text)
    TIM_SelectCOM                            0x080018c7   Thumb Code    20  stm32f4xx_tim.o(.text)
    TIM_CCPreloadControl                     0x080018db   Thumb Code    20  stm32f4xx_tim.o(.text)
    TIM_ITConfig                             0x080018ef   Thumb Code    16  stm32f4xx_tim.o(.text)
    TIM_GenerateEvent                        0x080018ff   Thumb Code     4  stm32f4xx_tim.o(.text)
    TIM_GetFlagStatus                        0x08001903   Thumb Code    14  stm32f4xx_tim.o(.text)
    TIM_ClearFlag                            0x08001911   Thumb Code     6  stm32f4xx_tim.o(.text)
    TIM_GetITStatus                          0x08001917   Thumb Code    24  stm32f4xx_tim.o(.text)
    TIM_ClearITPendingBit                    0x0800192f   Thumb Code     6  stm32f4xx_tim.o(.text)
    TIM_DMAConfig                            0x08001935   Thumb Code     8  stm32f4xx_tim.o(.text)
    TIM_DMACmd                               0x0800193d   Thumb Code    16  stm32f4xx_tim.o(.text)
    TIM_SelectCCDMA                          0x0800194d   Thumb Code    20  stm32f4xx_tim.o(.text)
    TIM_InternalClockConfig                  0x08001961   Thumb Code    10  stm32f4xx_tim.o(.text)
    TIM_SelectInputTrigger                   0x0800196b   Thumb Code    12  stm32f4xx_tim.o(.text)
    TIM_ITRxExternalClockConfig              0x08001977   Thumb Code    18  stm32f4xx_tim.o(.text)
    TIM_TIxExternalClockConfig               0x08001989   Thumb Code    46  stm32f4xx_tim.o(.text)
    TIM_ETRConfig                            0x080019b7   Thumb Code    24  stm32f4xx_tim.o(.text)
    TIM_ETRClockMode1Config                  0x080019cf   Thumb Code    18  stm32f4xx_tim.o(.text)
    TIM_ETRClockMode2Config                  0x080019e1   Thumb Code    18  stm32f4xx_tim.o(.text)
    TIM_SelectOutputTrigger                  0x080019f3   Thumb Code    16  stm32f4xx_tim.o(.text)
    TIM_SelectSlaveMode                      0x08001a03   Thumb Code    16  stm32f4xx_tim.o(.text)
    TIM_SelectMasterSlaveMode                0x08001a13   Thumb Code    16  stm32f4xx_tim.o(.text)
    TIM_EncoderInterfaceConfig               0x08001a23   Thumb Code    50  stm32f4xx_tim.o(.text)
    TIM_SelectHallSensor                     0x08001a55   Thumb Code    20  stm32f4xx_tim.o(.text)
    TIM_RemapConfig                          0x08001a69   Thumb Code     6  stm32f4xx_tim.o(.text)
    DMA_DeInit                               0x08001a9d   Thumb Code   272  stm32f4xx_dma.o(.text)
    DMA_Init                                 0x08001bad   Thumb Code    80  stm32f4xx_dma.o(.text)
    DMA_StructInit                           0x08001bfd   Thumb Code    34  stm32f4xx_dma.o(.text)
    DMA_Cmd                                  0x08001c1f   Thumb Code    20  stm32f4xx_dma.o(.text)
    DMA_PeriphIncOffsetSizeConfig            0x08001c33   Thumb Code    20  stm32f4xx_dma.o(.text)
    DMA_FlowControllerConfig                 0x08001c47   Thumb Code    20  stm32f4xx_dma.o(.text)
    DMA_SetCurrDataCounter                   0x08001c5b   Thumb Code     4  stm32f4xx_dma.o(.text)
    DMA_GetCurrDataCounter                   0x08001c5f   Thumb Code     6  stm32f4xx_dma.o(.text)
    DMA_DoubleBufferModeConfig               0x08001c65   Thumb Code    22  stm32f4xx_dma.o(.text)
    DMA_DoubleBufferModeCmd                  0x08001c7b   Thumb Code    20  stm32f4xx_dma.o(.text)
    DMA_MemoryTargetConfig                   0x08001c8f   Thumb Code    10  stm32f4xx_dma.o(.text)
    DMA_GetCurrentMemoryTarget               0x08001c99   Thumb Code    14  stm32f4xx_dma.o(.text)
    DMA_GetCmdStatus                         0x08001ca7   Thumb Code    14  stm32f4xx_dma.o(.text)
    DMA_GetFIFOStatus                        0x08001cb5   Thumb Code     8  stm32f4xx_dma.o(.text)
    DMA_GetFlagStatus                        0x08001cbd   Thumb Code    42  stm32f4xx_dma.o(.text)
    DMA_ClearFlag                            0x08001ce7   Thumb Code    34  stm32f4xx_dma.o(.text)
    DMA_ITConfig                             0x08001d09   Thumb Code    44  stm32f4xx_dma.o(.text)
    DMA_GetITStatus                          0x08001d35   Thumb Code    70  stm32f4xx_dma.o(.text)
    DMA_ClearITPendingBit                    0x08001d7b   Thumb Code    34  stm32f4xx_dma.o(.text)
    SDIO_DeInit                              0x08001dbd   Thumb Code    24  stm32f4xx_sdio.o(.text)
    SDIO_Init                                0x08001dd5   Thumb Code    40  stm32f4xx_sdio.o(.text)
    SDIO_StructInit                          0x08001dfd   Thumb Code    16  stm32f4xx_sdio.o(.text)
    SDIO_ClockCmd                            0x08001e0d   Thumb Code     8  stm32f4xx_sdio.o(.text)
    SDIO_SetPowerState                       0x08001e15   Thumb Code     8  stm32f4xx_sdio.o(.text)
    SDIO_GetPowerState                       0x08001e1d   Thumb Code    12  stm32f4xx_sdio.o(.text)
    SDIO_SendCommand                         0x08001e29   Thumb Code    38  stm32f4xx_sdio.o(.text)
    SDIO_CmdStructInit                       0x08001e4f   Thumb Code    14  stm32f4xx_sdio.o(.text)
    SDIO_GetCommandResponse                  0x08001e5d   Thumb Code    10  stm32f4xx_sdio.o(.text)
    SDIO_GetResponse                         0x08001e67   Thumb Code    14  stm32f4xx_sdio.o(.text)
    SDIO_DataConfig                          0x08001e75   Thumb Code    44  stm32f4xx_sdio.o(.text)
    SDIO_DataStructInit                      0x08001ea1   Thumb Code    20  stm32f4xx_sdio.o(.text)
    SDIO_GetDataCounter                      0x08001eb5   Thumb Code     8  stm32f4xx_sdio.o(.text)
    SDIO_ReadData                            0x08001ebd   Thumb Code     8  stm32f4xx_sdio.o(.text)
    SDIO_WriteData                           0x08001ec5   Thumb Code     8  stm32f4xx_sdio.o(.text)
    SDIO_GetFIFOCount                        0x08001ecd   Thumb Code     8  stm32f4xx_sdio.o(.text)
    SDIO_StartSDIOReadWait                   0x08001ed5   Thumb Code     6  stm32f4xx_sdio.o(.text)
    SDIO_StopSDIOReadWait                    0x08001edb   Thumb Code     8  stm32f4xx_sdio.o(.text)
    SDIO_SetSDIOReadWaitMode                 0x08001ee3   Thumb Code     8  stm32f4xx_sdio.o(.text)
    SDIO_SetSDIOOperation                    0x08001eeb   Thumb Code     8  stm32f4xx_sdio.o(.text)
    SDIO_SendSDIOSuspendCmd                  0x08001ef3   Thumb Code     8  stm32f4xx_sdio.o(.text)
    SDIO_CommandCompletionCmd                0x08001efb   Thumb Code     8  stm32f4xx_sdio.o(.text)
    SDIO_CEATAITCmd                          0x08001f03   Thumb Code    12  stm32f4xx_sdio.o(.text)
    SDIO_SendCEATACmd                        0x08001f0f   Thumb Code     8  stm32f4xx_sdio.o(.text)
    SDIO_DMACmd                              0x08001f17   Thumb Code     8  stm32f4xx_sdio.o(.text)
    SDIO_ITConfig                            0x08001f1f   Thumb Code    20  stm32f4xx_sdio.o(.text)
    SDIO_GetFlagStatus                       0x08001f33   Thumb Code    18  stm32f4xx_sdio.o(.text)
    SDIO_ClearFlag                           0x08001f45   Thumb Code     8  stm32f4xx_sdio.o(.text)
    SDIO_GetITStatus                         0x08001f4d   Thumb Code    18  stm32f4xx_sdio.o(.text)
    SDIO_ClearITPendingBit                   0x08001f5f   Thumb Code     8  stm32f4xx_sdio.o(.text)
    RTC_WaitForSynchro                       0x08001f75   Thumb Code    70  stm32f4xx_rtc.o(.text)
    RTC_EnterInitMode                        0x08001fbb   Thumb Code    58  stm32f4xx_rtc.o(.text)
    RTC_DeInit                               0x08001ff5   Thumb Code   168  stm32f4xx_rtc.o(.text)
    RTC_ExitInitMode                         0x0800209d   Thumb Code    14  stm32f4xx_rtc.o(.text)
    RTC_Init                                 0x080020ab   Thumb Code    74  stm32f4xx_rtc.o(.text)
    RTC_StructInit                           0x080020f5   Thumb Code    14  stm32f4xx_rtc.o(.text)
    RTC_WriteProtectionCmd                   0x08002103   Thumb Code    18  stm32f4xx_rtc.o(.text)
    RTC_RefClockCmd                          0x08002115   Thumb Code    56  stm32f4xx_rtc.o(.text)
    RTC_BypassShadowCmd                      0x0800214d   Thumb Code    38  stm32f4xx_rtc.o(.text)
    RTC_SetTime                              0x08002173   Thumb Code   148  stm32f4xx_rtc.o(.text)
    RTC_TimeStructInit                       0x08002207   Thumb Code    12  stm32f4xx_rtc.o(.text)
    RTC_GetTime                              0x08002213   Thumb Code    70  stm32f4xx_rtc.o(.text)
    RTC_GetSubSecond                         0x08002259   Thumb Code    14  stm32f4xx_rtc.o(.text)
    RTC_SetDate                              0x08002267   Thumb Code   142  stm32f4xx_rtc.o(.text)
    RTC_DateStructInit                       0x080022f5   Thumb Code    14  stm32f4xx_rtc.o(.text)
    RTC_GetDate                              0x08002303   Thumb Code    66  stm32f4xx_rtc.o(.text)
    RTC_SetAlarm                             0x08002345   Thumb Code   184  stm32f4xx_rtc.o(.text)
    RTC_AlarmStructInit                      0x080023fd   Thumb Code    20  stm32f4xx_rtc.o(.text)
    RTC_GetAlarm                             0x08002411   Thumb Code   104  stm32f4xx_rtc.o(.text)
    RTC_AlarmCmd                             0x08002479   Thumb Code    78  stm32f4xx_rtc.o(.text)
    RTC_AlarmSubSecondConfig                 0x080024c7   Thumb Code    38  stm32f4xx_rtc.o(.text)
    RTC_GetAlarmSubSecond                    0x080024ed   Thumb Code    24  stm32f4xx_rtc.o(.text)
    RTC_WakeUpClockConfig                    0x08002505   Thumb Code    34  stm32f4xx_rtc.o(.text)
    RTC_SetWakeUpCounter                     0x08002527   Thumb Code    22  stm32f4xx_rtc.o(.text)
    RTC_GetWakeUpCounter                     0x0800253d   Thumb Code    10  stm32f4xx_rtc.o(.text)
    RTC_WakeUpCmd                            0x08002547   Thumb Code    84  stm32f4xx_rtc.o(.text)
    RTC_DayLightSavingConfig                 0x0800259b   Thumb Code    38  stm32f4xx_rtc.o(.text)
    RTC_GetStoreOperation                    0x080025c1   Thumb Code    12  stm32f4xx_rtc.o(.text)
    RTC_OutputConfig                         0x080025cd   Thumb Code    38  stm32f4xx_rtc.o(.text)
    RTC_CoarseCalibConfig                    0x080025f3   Thumb Code    46  stm32f4xx_rtc.o(.text)
    RTC_CoarseCalibCmd                       0x08002621   Thumb Code    56  stm32f4xx_rtc.o(.text)
    RTC_CalibOutputCmd                       0x08002659   Thumb Code    38  stm32f4xx_rtc.o(.text)
    RTC_CalibOutputConfig                    0x0800267f   Thumb Code    34  stm32f4xx_rtc.o(.text)
    RTC_SmoothCalibConfig                    0x080026a1   Thumb Code    70  stm32f4xx_rtc.o(.text)
    RTC_TimeStampCmd                         0x080026e7   Thumb Code    42  stm32f4xx_rtc.o(.text)
    RTC_GetTimeStamp                         0x08002711   Thumb Code   130  stm32f4xx_rtc.o(.text)
    RTC_GetTimeStampSubSecond                0x08002793   Thumb Code     8  stm32f4xx_rtc.o(.text)
    RTC_TamperTriggerConfig                  0x0800279b   Thumb Code    24  stm32f4xx_rtc.o(.text)
    RTC_TamperCmd                            0x080027b3   Thumb Code    28  stm32f4xx_rtc.o(.text)
    RTC_TamperFilterConfig                   0x080027cf   Thumb Code    18  stm32f4xx_rtc.o(.text)
    RTC_TamperSamplingFreqConfig             0x080027e1   Thumb Code    18  stm32f4xx_rtc.o(.text)
    RTC_TamperPinsPrechargeDuration          0x080027f3   Thumb Code    18  stm32f4xx_rtc.o(.text)
    RTC_TimeStampOnTamperDetectionCmd        0x08002805   Thumb Code    22  stm32f4xx_rtc.o(.text)
    RTC_TamperPullUpCmd                      0x0800281b   Thumb Code    22  stm32f4xx_rtc.o(.text)
    RTC_WriteBackupRegister                  0x08002831   Thumb Code    16  stm32f4xx_rtc.o(.text)
    RTC_ReadBackupRegister                   0x08002841   Thumb Code    16  stm32f4xx_rtc.o(.text)
    RTC_TamperPinSelection                   0x08002851   Thumb Code    18  stm32f4xx_rtc.o(.text)
    RTC_TimeStampPinSelection                0x08002863   Thumb Code    18  stm32f4xx_rtc.o(.text)
    RTC_OutputTypeConfig                     0x08002875   Thumb Code    18  stm32f4xx_rtc.o(.text)
    RTC_SynchroShiftConfig                   0x08002887   Thumb Code    84  stm32f4xx_rtc.o(.text)
    RTC_ITConfig                             0x080028db   Thumb Code    60  stm32f4xx_rtc.o(.text)
    RTC_GetFlagStatus                        0x08002917   Thumb Code    22  stm32f4xx_rtc.o(.text)
    RTC_ClearFlag                            0x0800292d   Thumb Code    24  stm32f4xx_rtc.o(.text)
    RTC_GetITStatus                          0x08002945   Thumb Code    46  stm32f4xx_rtc.o(.text)
    RTC_ClearITPendingBit                    0x08002973   Thumb Code    24  stm32f4xx_rtc.o(.text)
    EXTI_DeInit                              0x080029c1   Thumb Code    28  stm32f4xx_exti.o(.text)
    EXTI_Init                                0x080029dd   Thumb Code   108  stm32f4xx_exti.o(.text)
    EXTI_StructInit                          0x08002a49   Thumb Code    14  stm32f4xx_exti.o(.text)
    EXTI_GenerateSWInterrupt                 0x08002a57   Thumb Code    12  stm32f4xx_exti.o(.text)
    EXTI_GetFlagStatus                       0x08002a63   Thumb Code    18  stm32f4xx_exti.o(.text)
    EXTI_ClearFlag                           0x08002a75   Thumb Code     8  stm32f4xx_exti.o(.text)
    EXTI_GetITStatus                         0x08002a7d   Thumb Code    18  stm32f4xx_exti.o(.text)
    EXTI_ClearITPendingBit                   0x08002a8f   Thumb Code     8  stm32f4xx_exti.o(.text)
    PWR_DeInit                               0x08002aa1   Thumb Code    24  stm32f4xx_pwr.o(.text)
    PWR_BackupAccessCmd                      0x08002ab9   Thumb Code     6  stm32f4xx_pwr.o(.text)
    PWR_PVDLevelConfig                       0x08002abf   Thumb Code    14  stm32f4xx_pwr.o(.text)
    PWR_PVDCmd                               0x08002acd   Thumb Code     6  stm32f4xx_pwr.o(.text)
    PWR_WakeUpPinCmd                         0x08002ad3   Thumb Code     8  stm32f4xx_pwr.o(.text)
    PWR_BackupRegulatorCmd                   0x08002adb   Thumb Code     8  stm32f4xx_pwr.o(.text)
    PWR_MainRegulatorModeConfig              0x08002ae3   Thumb Code    14  stm32f4xx_pwr.o(.text)
    PWR_OverDriveCmd                         0x08002af1   Thumb Code     6  stm32f4xx_pwr.o(.text)
    PWR_OverDriveSWCmd                       0x08002af7   Thumb Code     6  stm32f4xx_pwr.o(.text)
    PWR_UnderDriveCmd                        0x08002afd   Thumb Code    22  stm32f4xx_pwr.o(.text)
    PWR_FlashPowerDownCmd                    0x08002b13   Thumb Code     6  stm32f4xx_pwr.o(.text)
    PWR_EnterSTOPMode                        0x08002b19   Thumb Code    46  stm32f4xx_pwr.o(.text)
    PWR_EnterUnderDriveSTOPMode              0x08002b47   Thumb Code    46  stm32f4xx_pwr.o(.text)
    PWR_EnterSTANDBYMode                     0x08002b75   Thumb Code    24  stm32f4xx_pwr.o(.text)
    PWR_GetFlagStatus                        0x08002b8d   Thumb Code    16  stm32f4xx_pwr.o(.text)
    PWR_ClearFlag                            0x08002b9d   Thumb Code    12  stm32f4xx_pwr.o(.text)
    SYSCFG_DeInit                            0x08002bb5   Thumb Code    24  stm32f4xx_syscfg.o(.text)
    SYSCFG_MemoryRemapConfig                 0x08002bcd   Thumb Code     6  stm32f4xx_syscfg.o(.text)
    SYSCFG_MemorySwappingBank                0x08002bd3   Thumb Code     6  stm32f4xx_syscfg.o(.text)
    SYSCFG_EXTILineConfig                    0x08002bd9   Thumb Code    42  stm32f4xx_syscfg.o(.text)
    SYSCFG_ETH_MediaInterfaceConfig          0x08002c03   Thumb Code     8  stm32f4xx_syscfg.o(.text)
    SYSCFG_CompensationCellCmd               0x08002c0b   Thumb Code     6  stm32f4xx_syscfg.o(.text)
    SYSCFG_GetCompensationCellStatus         0x08002c11   Thumb Code    16  stm32f4xx_syscfg.o(.text)
    TimingDelay_Decrement                    0x08002c31   Thumb Code    88  tm_stm32f4_delay.o(.text)
    TM_DELAY_Init                            0x08002c89   Thumb Code    60  tm_stm32f4_delay.o(.text)
    TM_DELAY_EnableDelayTimer                0x08002cc5   Thumb Code    22  tm_stm32f4_delay.o(.text)
    TM_DELAY_DisableDelayTimer               0x08002cdb   Thumb Code    14  tm_stm32f4_delay.o(.text)
    TM_DELAY_TimerCreate                     0x08002ce9   Thumb Code    68  tm_stm32f4_delay.o(.text)
    TM_DELAY_TimerDelete                     0x08002d2d   Thumb Code    86  tm_stm32f4_delay.o(.text)
    TM_DELAY_TimerStop                       0x08002d83   Thumb Code     6  tm_stm32f4_delay.o(.text)
    TM_DELAY_TimerStart                      0x08002d89   Thumb Code     6  tm_stm32f4_delay.o(.text)
    TM_DELAY_TimerReset                      0x08002d8f   Thumb Code     6  tm_stm32f4_delay.o(.text)
    TM_DELAY_TimerAutoReload                 0x08002d95   Thumb Code     4  tm_stm32f4_delay.o(.text)
    TM_DELAY_TimerAutoReloadValue            0x08002d99   Thumb Code     4  tm_stm32f4_delay.o(.text)
    TM_ADC_InitADC                           0x08002db1   Thumb Code   116  tm_stm32f4_adc.o(.text)
    TM_ADC_INT_InitPin                       0x08002e25   Thumb Code    20  tm_stm32f4_adc.o(.text)
    TM_ADC_INT_Channel_15_Init               0x08002e39   Thumb Code    32  tm_stm32f4_adc.o(.text)
    TM_ADC_INT_Channel_14_Init               0x08002e59   Thumb Code    42  tm_stm32f4_adc.o(.text)
    TM_ADC_INT_Channel_13_Init               0x08002e83   Thumb Code     6  tm_stm32f4_adc.o(.text)
    TM_ADC_INT_Channel_12_Init               0x08002e89   Thumb Code     6  tm_stm32f4_adc.o(.text)
    TM_ADC_INT_Channel_11_Init               0x08002e8f   Thumb Code     6  tm_stm32f4_adc.o(.text)
    TM_ADC_INT_Channel_10_Init               0x08002e95   Thumb Code     6  tm_stm32f4_adc.o(.text)
    TM_ADC_INT_Channel_9_Init                0x08002e9b   Thumb Code    42  tm_stm32f4_adc.o(.text)
    TM_ADC_INT_Channel_8_Init                0x08002ec5   Thumb Code    42  tm_stm32f4_adc.o(.text)
    TM_ADC_INT_Channel_7_Init                0x08002eef   Thumb Code    42  tm_stm32f4_adc.o(.text)
    TM_ADC_INT_Channel_6_Init                0x08002f19   Thumb Code    42  tm_stm32f4_adc.o(.text)
    TM_ADC_INT_Channel_5_Init                0x08002f43   Thumb Code    42  tm_stm32f4_adc.o(.text)
    TM_ADC_INT_Channel_4_Init                0x08002f6d   Thumb Code    42  tm_stm32f4_adc.o(.text)
    TM_ADC_INT_Channel_3_Init                0x08002f97   Thumb Code     6  tm_stm32f4_adc.o(.text)
    TM_ADC_INT_Channel_2_Init                0x08002f9d   Thumb Code     6  tm_stm32f4_adc.o(.text)
    TM_ADC_INT_Channel_1_Init                0x08002fa3   Thumb Code     6  tm_stm32f4_adc.o(.text)
    TM_ADC_INT_Channel_0_Init                0x08002fa9   Thumb Code     6  tm_stm32f4_adc.o(.text)
    TM_ADC_Init                              0x08002faf   Thumb Code   162  tm_stm32f4_adc.o(.text)
    TM_ADC_Read                              0x08003051   Thumb Code    44  tm_stm32f4_adc.o(.text)
    TM_ADC_EnableVbat                        0x0800307d   Thumb Code    16  tm_stm32f4_adc.o(.text)
    TM_ADC_DisableVbat                       0x0800308d   Thumb Code    16  tm_stm32f4_adc.o(.text)
    TM_ADC_ReadVbat                          0x0800309d   Thumb Code    48  tm_stm32f4_adc.o(.text)
    TM_USART_INT_GetSubPriority              0x080030ed   Thumb Code    52  tm_stm32f4_usart.o(.text)
    TM_USART6_InitPins                       0x08003123   Thumb Code    60  tm_stm32f4_usart.o(.text)
    TM_UART5_InitPins                        0x0800315f   Thumb Code    56  tm_stm32f4_usart.o(.text)
    TM_UART4_InitPins                        0x08003197   Thumb Code    60  tm_stm32f4_usart.o(.text)
    TM_USART3_InitPins                       0x080031d3   Thumb Code    76  tm_stm32f4_usart.o(.text)
    TM_USART2_InitPins                       0x0800321f   Thumb Code    58  tm_stm32f4_usart.o(.text)
    TM_USART1_InitPins                       0x08003259   Thumb Code    60  tm_stm32f4_usart.o(.text)
    TM_USART_INT_GetUsart                    0x08003295   Thumb Code    62  tm_stm32f4_usart.o(.text)
    TM_USART_Init                            0x080033fd   Thumb Code   158  tm_stm32f4_usart.o(.text)
    TM_USART_InitWithFlowControl             0x0800349b   Thumb Code   212  tm_stm32f4_usart.o(.text)
    TM_USART_Getc                            0x0800356f   Thumb Code    52  tm_stm32f4_usart.o(.text)
    TM_USART_FindCharacter                   0x080035a3   Thumb Code    50  tm_stm32f4_usart.o(.text)
    TM_USART_Gets                            0x080035d5   Thumb Code    78  tm_stm32f4_usart.o(.text)
    TM_USART_BufferEmpty                     0x08003623   Thumb Code    26  tm_stm32f4_usart.o(.text)
    TM_USART_BufferFull                      0x0800363d   Thumb Code    22  tm_stm32f4_usart.o(.text)
    TM_USART_ClearBuffer                     0x08003653   Thumb Code    16  tm_stm32f4_usart.o(.text)
    TM_USART_SetCustomStringEndCharacter     0x08003663   Thumb Code    12  tm_stm32f4_usart.o(.text)
    TM_USART_Puts                            0x0800366f   Thumb Code    42  tm_stm32f4_usart.o(.text)
    TM_USART_Send                            0x08003699   Thumb Code    48  tm_stm32f4_usart.o(.text)
    TM_USART_INT_InsertToBuffer              0x080036c9   Thumb Code    38  tm_stm32f4_usart.o(.text)
    USART1_IRQHandler                        0x080036ef   Thumb Code    20  tm_stm32f4_usart.o(.text)
    USART2_IRQHandler                        0x08003703   Thumb Code    22  tm_stm32f4_usart.o(.text)
    USART3_IRQHandler                        0x08003719   Thumb Code    24  tm_stm32f4_usart.o(.text)
    UART4_IRQHandler                         0x08003731   Thumb Code    24  tm_stm32f4_usart.o(.text)
    UART5_IRQHandler                         0x08003749   Thumb Code    20  tm_stm32f4_usart.o(.text)
    USART6_IRQHandler                        0x0800375d   Thumb Code    24  tm_stm32f4_usart.o(.text)
    TM_GPIO_GetPortSource                    0x08003791   Thumb Code    10  tm_stm32f4_gpio.o(.text)
    TM_GPIO_INT_Init                         0x0800379b   Thumb Code   130  tm_stm32f4_gpio.o(.text)
    TM_GPIO_INT_EnableClock                  0x0800381d   Thumb Code    20  tm_stm32f4_gpio.o(.text)
    TM_GPIO_Init                             0x08003831   Thumb Code    34  tm_stm32f4_gpio.o(.text)
    TM_GPIO_InitAlternate                    0x08003853   Thumb Code    92  tm_stm32f4_gpio.o(.text)
    TM_GPIO_DeInit                           0x080038af   Thumb Code    66  tm_stm32f4_gpio.o(.text)
    TM_GPIO_SetPinAsInput                    0x080038f1   Thumb Code    38  tm_stm32f4_gpio.o(.text)
    TM_GPIO_SetPinAsOutput                   0x08003917   Thumb Code    46  tm_stm32f4_gpio.o(.text)
    TM_GPIO_SetPinAsAnalog                   0x08003945   Thumb Code    38  tm_stm32f4_gpio.o(.text)
    TM_GPIO_SetPinAsAlternate                0x0800396b   Thumb Code    48  tm_stm32f4_gpio.o(.text)
    TM_GPIO_SetPullResistor                  0x0800399b   Thumb Code    46  tm_stm32f4_gpio.o(.text)
    TM_GPIO_Lock                             0x080039c9   Thumb Code    16  tm_stm32f4_gpio.o(.text)
    TM_GPIO_GetPinSource                     0x080039d9   Thumb Code    18  tm_stm32f4_gpio.o(.text)
    TM_GPIO_INT_DisableClock                 0x080039eb   Thumb Code    20  tm_stm32f4_gpio.o(.text)
    TM_GPIO_GetUsedPins                      0x080039ff   Thumb Code    14  tm_stm32f4_gpio.o(.text)
    TM_GPIO_GetFreePins                      0x08003a0d   Thumb Code    18  tm_stm32f4_gpio.o(.text)
    TM_FATFS_GetDriveSize                    0x08003a2d   Thumb Code    88  tm_stm32f4_fatfs.o(.text)
    TM_FATFS_DriveSize                       0x08003a85   Thumb Code    48  tm_stm32f4_fatfs.o(.text)
    TM_FATFS_USBDriveSize                    0x08003ab5   Thumb Code    48  tm_stm32f4_fatfs.o(.text)
    TM_FATFS_TruncateBeginning               0x08003ae5   Thumb Code   168  tm_stm32f4_fatfs.o(.text)
    TM_FATFS_CheckCardDetectPin              0x08003b8d   Thumb Code     4  tm_stm32f4_fatfs.o(.text)
    TM_FATFS_SearchCallback                  0x08003b91   Thumb Code     4  tm_stm32f4_fatfs.o(.text)
    TM_FATFS_Search                          0x08003c5b   Thumb Code    70  tm_stm32f4_fatfs.o(.text)
    TM_RTC_SetDateTime                       0x08003cb9   Thumb Code   470  tm_stm32f4_rtc.o(.text)
    TM_RTC_Config                            0x08003e8f   Thumb Code    92  tm_stm32f4_rtc.o(.text)
    TM_RTC_GetUnixTimeStamp                  0x08003eeb   Thumb Code   180  tm_stm32f4_rtc.o(.text)
    TM_RTC_GetDateTime                       0x08003f9f   Thumb Code    92  tm_stm32f4_rtc.o(.text)
    TM_RTC_Init                              0x08003ffb   Thumb Code   172  tm_stm32f4_rtc.o(.text)
    TM_RTC_SetDateTimeString                 0x080040a7   Thumb Code   312  tm_stm32f4_rtc.o(.text)
    TM_RTC_GetDaysInMonth                    0x080041df   Thumb Code    92  tm_stm32f4_rtc.o(.text)
    TM_RTC_GetDaysInYear                     0x0800423b   Thumb Code    46  tm_stm32f4_rtc.o(.text)
    TM_RTC_Interrupts                        0x08004269   Thumb Code   246  tm_stm32f4_rtc.o(.text)
    TM_RTC_GetDateTimeFromUnix               0x0800435f   Thumb Code   212  tm_stm32f4_rtc.o(.text)
    TM_RTC_DisableAlarm                      0x08004433   Thumb Code   108  tm_stm32f4_rtc.o(.text)
    TM_RTC_SetAlarm                          0x0800449f   Thumb Code   156  tm_stm32f4_rtc.o(.text)
    TM_RTC_WriteBackupRegister               0x0800453b   Thumb Code    16  tm_stm32f4_rtc.o(.text)
    TM_RTC_ReadBackupRegister                0x0800454b   Thumb Code    20  tm_stm32f4_rtc.o(.text)
    TM_RTC_RequestHandler                    0x0800455f   Thumb Code     2  tm_stm32f4_rtc.o(.text)
    TM_RTC_AlarmAHandler                     0x08004561   Thumb Code     2  tm_stm32f4_rtc.o(.text)
    TM_RTC_AlarmBHandler                     0x08004563   Thumb Code     2  tm_stm32f4_rtc.o(.text)
    RTC_WKUP_IRQHandler                      0x08004565   Thumb Code    34  tm_stm32f4_rtc.o(.text)
    RTC_Alarm_IRQHandler                     0x08004587   Thumb Code    56  tm_stm32f4_rtc.o(.text)
    main                                     0x080045d5   Thumb Code   162  main.o(.text)
    NMI_Handler                              0x080046b9   Thumb Code     2  stm32f4xx_it.o(.text)
    HardFault_Handler                        0x080046bb   Thumb Code     2  stm32f4xx_it.o(.text)
    MemManage_Handler                        0x080046bd   Thumb Code     2  stm32f4xx_it.o(.text)
    BusFault_Handler                         0x080046bf   Thumb Code     2  stm32f4xx_it.o(.text)
    UsageFault_Handler                       0x080046c1   Thumb Code     2  stm32f4xx_it.o(.text)
    SVC_Handler                              0x080046c3   Thumb Code     2  stm32f4xx_it.o(.text)
    DebugMon_Handler                         0x080046c5   Thumb Code     2  stm32f4xx_it.o(.text)
    PendSV_Handler                           0x080046c7   Thumb Code     2  stm32f4xx_it.o(.text)
    SysTick_Handler                          0x080046cb   Thumb Code     8  stm32f4xx_it.o(.text)
    SystemInit                               0x08004777   Thumb Code    74  system_stm32f4xx.o(.text)
    SystemCoreClockUpdate                    0x080047c1   Thumb Code   108  system_stm32f4xx.o(.text)
    samplingTimer_init                       0x08004851   Thumb Code   122  samplingtimer.o(.text)
    samplingTimer_NVICInit                   0x080048cb   Thumb Code    42  samplingtimer.o(.text)
    TIM2_IRQHandler                          0x080048f5   Thumb Code    38  samplingtimer.o(.text)
    LPFClock_GPIOInit                        0x08004941   Thumb Code    58  lpfclock.o(.text)
    LPFClock_PWMInit                         0x0800497b   Thumb Code    60  lpfclock.o(.text)
    LPFClock_init                            0x080049b7   Thumb Code   146  lpfclock.o(.text)
    TDSC_init                                0x08004a61   Thumb Code    32  tdsc.o(.text)
    TDSC_negativeMinima                      0x08004a81   Thumb Code    24  tdsc.o(.text)
    TDSC_positiveMinima                      0x08004a99   Thumb Code    24  tdsc.o(.text)
    TDSC_setAMatrixValue                     0x08004ab1   Thumb Code    34  tdsc.o(.text)
    TDSC_setSMatrixValue                     0x08004ad3   Thumb Code    22  tdsc.o(.text)
    TDSC_processSDpair                       0x08004ae9   Thumb Code    38  tdsc.o(.text)
    TDSC_adjustValues                        0x08004b0f   Thumb Code    14  tdsc.o(.text)
    TDSC_sampleRoutine                       0x08004b1d   Thumb Code   144  tdsc.o(.text)
    getSMatrix                               0x08004bad   Thumb Code     6  tdsc.o(.text)
    getAMatrix                               0x08004bb3   Thumb Code     4  tdsc.o(.text)
    codebook_getCode                         0x08004bc5   Thumb Code    32  codebook.o(.text)
    SDCard_configureCD                       0x08004be9   Thumb Code    72  sdcard.o(.text)
    EXTI9_5_IRQHandler                       0x08004c31   Thumb Code   102  sdcard.o(.text)
    SDCard_readConfig                        0x08004c97   Thumb Code   148  sdcard.o(.text)
    SDCard_extractConfig                     0x08004d2b   Thumb Code   180  sdcard.o(.text)
    SDCard_writeData                         0x08004ddf   Thumb Code   342  sdcard.o(.text)
    LED_GPIOInit                             0x080050f5   Thumb Code    84  leds.o(.text)
    LED_setLED                               0x08005149   Thumb Code    24  leds.o(.text)
    LED_error                                0x08005161   Thumb Code    10  leds.o(.text)
    LED_clearError                           0x0800516b   Thumb Code    10  leds.o(.text)
    LED_toggleLED                            0x08005175   Thumb Code    24  leds.o(.text)
    LED_resetLED                             0x0800518d   Thumb Code    24  leds.o(.text)
    LED_resetALL                             0x080051a5   Thumb Code    24  leds.o(.text)
    classifier_decisionTree                  0x080051c5   Thumb Code   160  classifier.o(.text)
    TM_USART_InitCustomPinsCallback          0x080052a9   Thumb Code    46  usart.o(.text)
    TM_USART1_ReceiveHandler                 0x080052d7   Thumb Code   180  usart.o(.text)
    TM_FATFS_AddDriver                       0x080053b1   Thumb Code    42  diskio.o(.text)
    disk_initialize                          0x080053db   Thumb Code    18  diskio.o(.text)
    disk_status                              0x080053ed   Thumb Code    20  diskio.o(.text)
    disk_read                                0x08005401   Thumb Code    40  diskio.o(.text)
    disk_write                               0x08005429   Thumb Code    38  diskio.o(.text)
    disk_ioctl                               0x0800544f   Thumb Code    32  diskio.o(.text)
    get_fattime                              0x0800546f   Thumb Code     4  diskio.o(.text)
    TM_FATFS_USB_disk_initialize             0x0800547b   Thumb Code     4  diskio.o(.text)
    TM_FATFS_SDRAM_disk_initialize           0x0800547f   Thumb Code     4  diskio.o(.text)
    TM_FATFS_SPI_FLASH_disk_initialize       0x08005483   Thumb Code     4  diskio.o(.text)
    TM_FATFS_USB_disk_status                 0x0800548f   Thumb Code     4  diskio.o(.text)
    TM_FATFS_SDRAM_disk_status               0x08005493   Thumb Code     4  diskio.o(.text)
    TM_FATFS_SPI_FLASH_disk_status           0x08005497   Thumb Code     4  diskio.o(.text)
    TM_FATFS_USB_disk_ioctl                  0x080054a3   Thumb Code     4  diskio.o(.text)
    TM_FATFS_SDRAM_disk_ioctl                0x080054a7   Thumb Code     4  diskio.o(.text)
    TM_FATFS_SPI_FLASH_disk_ioctl            0x080054ab   Thumb Code     4  diskio.o(.text)
    TM_FATFS_USB_disk_read                   0x080054b7   Thumb Code     4  diskio.o(.text)
    TM_FATFS_SDRAM_disk_read                 0x080054bb   Thumb Code     4  diskio.o(.text)
    TM_FATFS_SPI_FLASH_disk_read             0x080054bf   Thumb Code     4  diskio.o(.text)
    TM_FATFS_USB_disk_write                  0x080054cb   Thumb Code     4  diskio.o(.text)
    TM_FATFS_SDRAM_disk_write                0x080054cf   Thumb Code     4  diskio.o(.text)
    TM_FATFS_SPI_FLASH_disk_write            0x080054d3   Thumb Code     4  diskio.o(.text)
    clust2sect                               0x0800573b   Thumb Code    24  ff.o(.text)
    get_fat                                  0x08005753   Thumb Code   188  ff.o(.text)
    put_fat                                  0x0800580f   Thumb Code   248  ff.o(.text)
    f_mount                                  0x08006653   Thumb Code    82  ff.o(.text)
    f_open                                   0x080066a5   Thumb Code   428  ff.o(.text)
    f_read                                   0x08006851   Thumb Code   314  ff.o(.text)
    f_write                                  0x0800698b   Thumb Code   388  ff.o(.text)
    f_sync                                   0x08006b0f   Thumb Code   152  ff.o(.text)
    f_close                                  0x08006ba7   Thumb Code    38  ff.o(.text)
    f_chdrive                                0x08006bcd   Thumb Code    24  ff.o(.text)
    f_chdir                                  0x08006be5   Thumb Code   100  ff.o(.text)
    f_getcwd                                 0x08006c49   Thumb Code   302  ff.o(.text)
    f_lseek                                  0x08006d77   Thumb Code   300  ff.o(.text)
    f_opendir                                0x08006ea3   Thumb Code   158  ff.o(.text)
    f_closedir                               0x08006f41   Thumb Code    32  ff.o(.text)
    f_readdir                                0x08006f61   Thumb Code   120  ff.o(.text)
    f_findnext                               0x08006fd9   Thumb Code    68  ff.o(.text)
    f_findfirst                              0x0800701d   Thumb Code    30  ff.o(.text)
    f_stat                                   0x0800703b   Thumb Code    86  ff.o(.text)
    f_getfree                                0x08007091   Thumb Code   192  ff.o(.text)
    f_truncate                               0x08007151   Thumb Code   176  ff.o(.text)
    f_unlink                                 0x08007201   Thumb Code   204  ff.o(.text)
    f_mkdir                                  0x080072cd   Thumb Code   400  ff.o(.text)
    f_chmod                                  0x0800745d   Thumb Code   114  ff.o(.text)
    f_rename                                 0x080074cf   Thumb Code   294  ff.o(.text)
    f_utime                                  0x080075f5   Thumb Code   116  ff.o(.text)
    f_getlabel                               0x08007669   Thumb Code   142  ff.o(.text)
    f_setlabel                               0x080076f7   Thumb Code   318  ff.o(.text)
    f_mkfs                                   0x08007835   Thumb Code  1320  ff.o(.text)
    f_gets                                   0x08007d5d   Thumb Code    72  ff.o(.text)
    f_putc                                   0x08007deb   Thumb Code    60  ff.o(.text)
    f_puts                                   0x08007e27   Thumb Code    70  ff.o(.text)
    f_printf                                 0x08007e6d   Thumb Code   510  ff.o(.text)
    ff_memalloc                              0x08008215   Thumb Code     4  syscall.o(.text)
    ff_memfree                               0x08008219   Thumb Code     4  syscall.o(.text)
    ff_convert                               0x0800821d   Thumb Code    52  unicode.o(.text)
    ff_wtoupper                              0x08008251   Thumb Code    28  unicode.o(.text)
    TM_FATFS_SDIO_WriteEnabled               0x08008279   Thumb Code     4  fatfs_sd_sdio.o(.text)
    SD_EnableWideBusOperation                0x08008531   Thumb Code   112  fatfs_sd_sdio.o(.text)
    SD_SelectDeselect                        0x080085a1   Thumb Code    38  fatfs_sd_sdio.o(.text)
    SD_GetCardInfo                           0x080085c7   Thumb Code   628  fatfs_sd_sdio.o(.text)
    SD_InitializeCards                       0x08008865   Thumb Code   244  fatfs_sd_sdio.o(.text)
    SD_PowerON                               0x08008959   Thumb Code   512  fatfs_sd_sdio.o(.text)
    SD_Init                                  0x08008b59   Thumb Code   150  fatfs_sd_sdio.o(.text)
    SD_LowLevel_Init                         0x08008bef   Thumb Code    64  fatfs_sd_sdio.o(.text)
    SD_LowLevel_DeInit                       0x08008c2f   Thumb Code    76  fatfs_sd_sdio.o(.text)
    TM_FATFS_SD_SDIO_disk_initialize         0x08008c7b   Thumb Code   114  fatfs_sd_sdio.o(.text)
    SD_Detect                                0x08008ced   Thumb Code    26  fatfs_sd_sdio.o(.text)
    TM_FATFS_SD_SDIO_disk_status             0x08008d07   Thumb Code    28  fatfs_sd_sdio.o(.text)
    SD_SendStatus                            0x08008d23   Thumb Code    64  fatfs_sd_sdio.o(.text)
    SD_GetState                              0x08008d63   Thumb Code    34  fatfs_sd_sdio.o(.text)
    SD_GetStatus                             0x08008d85   Thumb Code    26  fatfs_sd_sdio.o(.text)
    SD_StopTransfer                          0x08008d9f   Thumb Code    38  fatfs_sd_sdio.o(.text)
    SD_WaitReadOperation                     0x08008dc5   Thumb Code   100  fatfs_sd_sdio.o(.text)
    SD_LowLevel_DMA_RxConfig                 0x08008e29   Thumb Code   130  fatfs_sd_sdio.o(.text)
    SD_ReadMultiBlocks                       0x08008eab   Thumb Code   192  fatfs_sd_sdio.o(.text)
    TM_FATFS_SD_SDIO_disk_read               0x08008f6b   Thumb Code   158  fatfs_sd_sdio.o(.text)
    SD_WaitWriteOperation                    0x08009009   Thumb Code    88  fatfs_sd_sdio.o(.text)
    SD_LowLevel_DMA_TxConfig                 0x08009061   Thumb Code   124  fatfs_sd_sdio.o(.text)
    SD_WriteMultiBlocks                      0x080090dd   Thumb Code   260  fatfs_sd_sdio.o(.text)
    TM_FATFS_SD_SDIO_disk_write              0x080091e1   Thumb Code   120  fatfs_sd_sdio.o(.text)
    TM_FATFS_SD_SDIO_disk_ioctl              0x08009259   Thumb Code    28  fatfs_sd_sdio.o(.text)
    SD_ProcessIRQSrc                         0x08009275   Thumb Code   144  fatfs_sd_sdio.o(.text)
    SDIO_IRQHandler                          0x08009305   Thumb Code     2  fatfs_sd_sdio.o(.text)
    SD_ProcessDMAIRQ                         0x08009307   Thumb Code    30  fatfs_sd_sdio.o(.text)
    DMA2_Stream3_IRQHandler                  0x08009325   Thumb Code     2  fatfs_sd_sdio.o(.text)
    SD_DeInit                                0x08009327   Thumb Code     2  fatfs_sd_sdio.o(.text)
    SD_PowerOFF                              0x08009329   Thumb Code    14  fatfs_sd_sdio.o(.text)
    SD_SendSDStatus                          0x08009337   Thumb Code   332  fatfs_sd_sdio.o(.text)
    SD_GetCardStatus                         0x08009483   Thumb Code   124  fatfs_sd_sdio.o(.text)
    SD_ReadBlock                             0x080094ff   Thumb Code   176  fatfs_sd_sdio.o(.text)
    SD_ReadMultiBlocksFIXED                  0x080095af   Thumb Code   186  fatfs_sd_sdio.o(.text)
    SD_WriteBlock                            0x08009669   Thumb Code   170  fatfs_sd_sdio.o(.text)
    SD_WriteMultiBlocksFIXED                 0x08009713   Thumb Code   270  fatfs_sd_sdio.o(.text)
    SD_GetTransferState                      0x08009821   Thumb Code    14  fatfs_sd_sdio.o(.text)
    SD_Erase                                 0x0800996b   Thumb Code   262  fatfs_sd_sdio.o(.text)
    convert_from_bytes_to_power_of_two       0x08009a71   Thumb Code    18  fatfs_sd_sdio.o(.text)
    SD_HighSpeed                             0x08009a83   Thumb Code   330  fatfs_sd_sdio.o(.text)
    __rt_ctype_table                         0x08009c55   Thumb Code    16  rt_ctype_table.o(.text)
    malloc                                   0x08009c65   Thumb Code    94  h1_alloc.o(.text)
    free                                     0x08009cc3   Thumb Code    78  h1_free.o(.text)
    __2sprintf                               0x08009d11   Thumb Code    34  noretval__2sprintf.o(.text)
    _printf_pre_padding                      0x08009d39   Thumb Code    44  _printf_pad.o(.text)
    _printf_post_padding                     0x08009d65   Thumb Code    34  _printf_pad.o(.text)
    _printf_str                              0x08009d87   Thumb Code    82  _printf_str.o(.text)
    _printf_int_dec                          0x08009dd9   Thumb Code   104  _printf_dec.o(.text)
    __printf                                 0x08009e51   Thumb Code   308  __printf_flags_wp.o(.text)
    atoi                                     0x08009f89   Thumb Code    26  atoi.o(.text)
    _strtok_r                                0x08009fa3   Thumb Code     4  strtok_r.o(.text)
    strtok_r                                 0x08009fa3   Thumb Code     0  strtok_r.o(.text)
    strstr                                   0x08009fa7   Thumb Code    36  strstr.o(.text)
    strcpy                                   0x08009fcb   Thumb Code    72  strcpy.o(.text)
    strlen                                   0x0800a013   Thumb Code    62  strlen.o(.text)
    __aeabi_memcpy                           0x0800a051   Thumb Code     0  rt_memcpy_v6.o(.text)
    __rt_memcpy                              0x0800a051   Thumb Code   138  rt_memcpy_v6.o(.text)
    _memcpy_lastbytes                        0x0800a0b7   Thumb Code     0  rt_memcpy_v6.o(.text)
    __aeabi_memclr                           0x0800a0db   Thumb Code     0  rt_memclr.o(.text)
    __rt_memclr                              0x0800a0db   Thumb Code    68  rt_memclr.o(.text)
    _memset                                  0x0800a0df   Thumb Code     0  rt_memclr.o(.text)
    __aeabi_memclr4                          0x0800a11f   Thumb Code     0  rt_memclr_w.o(.text)
    __aeabi_memclr8                          0x0800a11f   Thumb Code     0  rt_memclr_w.o(.text)
    __rt_memclr_w                            0x0800a11f   Thumb Code    78  rt_memclr_w.o(.text)
    _memset_w                                0x0800a123   Thumb Code     0  rt_memclr_w.o(.text)
    strncpy                                  0x0800a16d   Thumb Code    86  strncpy.o(.text)
    __use_two_region_memory                  0x0800a1c3   Thumb Code     2  heapauxi.o(.text)
    __rt_heap_escrow                         0x0800a1c5   Thumb Code     2  heapauxi.o(.text)
    __rt_heap_expand                         0x0800a1c7   Thumb Code     2  heapauxi.o(.text)
    __rt_heap_descriptor                     0x0800a1c9   Thumb Code     8  rt_heap_descriptor_intlibspace.o(.text)
    __rt_locale                              0x0800a1d1   Thumb Code     8  rt_locale_intlibspace.o(.text)
    __aeabi_errno_addr                       0x0800a1d9   Thumb Code     8  rt_errno_addr_intlibspace.o(.text)
    __errno$intlibspace                      0x0800a1d9   Thumb Code     0  rt_errno_addr_intlibspace.o(.text)
    __rt_errno_addr$intlibspace              0x0800a1d9   Thumb Code     0  rt_errno_addr_intlibspace.o(.text)
    __use_no_heap                            0x0800a1e1   Thumb Code     2  hguard.o(.text)
    __heap$guard                             0x0800a1e3   Thumb Code     2  hguard.o(.text)
    _terminate_user_alloc                    0x0800a1e5   Thumb Code     2  init_alloc.o(.text)
    _init_user_alloc                         0x0800a1e7   Thumb Code     2  init_alloc.o(.text)
    __Heap_Full                              0x0800a1e9   Thumb Code    34  init_alloc.o(.text)
    __Heap_Broken                            0x0800a20b   Thumb Code     6  init_alloc.o(.text)
    _init_alloc                              0x0800a211   Thumb Code    94  init_alloc.o(.text)
    __Heap_Initialize                        0x0800a26f   Thumb Code    10  h1_init.o(.text)
    __Heap_DescSize                          0x0800a279   Thumb Code     4  h1_init.o(.text)
    _printf_int_common                       0x0800a27d   Thumb Code   178  _printf_intcommon.o(.text)
    _printf_char_common                      0x0800a33b   Thumb Code    32  _printf_char_common.o(.text)
    _sputc                                   0x0800a361   Thumb Code    10  _sputc.o(.text)
    _printf_cs_common                        0x0800a36b   Thumb Code    20  _printf_char.o(.text)
    _printf_char                             0x0800a37f   Thumb Code    16  _printf_char.o(.text)
    _printf_string                           0x0800a38f   Thumb Code     8  _printf_char.o(.text)
    strtol                                   0x0800a397   Thumb Code   112  strtol.o(.text)
    __strtok_internal                        0x0800a409   Thumb Code    64  strtok_int.o(.text)
    __aeabi_memcpy4                          0x0800a44d   Thumb Code     0  rt_memcpy_w.o(.text)
    __aeabi_memcpy8                          0x0800a44d   Thumb Code     0  rt_memcpy_w.o(.text)
    __rt_memcpy_w                            0x0800a44d   Thumb Code   100  rt_memcpy_w.o(.text)
    _memcpy_lastbytes_aligned                0x0800a495   Thumb Code     0  rt_memcpy_w.o(.text)
    __user_libspace                          0x0800a4b1   Thumb Code     8  libspace.o(.text)
    __user_perproc_libspace                  0x0800a4b1   Thumb Code     0  libspace.o(.text)
    __user_perthread_libspace                0x0800a4b1   Thumb Code     0  libspace.o(.text)
    __Heap_ProvideMemory                     0x0800a4b9   Thumb Code    52  h1_extend.o(.text)
    _strtoul                                 0x0800a4ed   Thumb Code   158  _strtoul.o(.text)
    __rt_SIGRTMEM                            0x0800a58b   Thumb Code    14  defsig_rtmem_outer.o(.text)
    strcspn                                  0x0800a599   Thumb Code    32  strcspn.o(.text)
    strspn                                   0x0800a5b9   Thumb Code    28  strspn.o(.text)
    strcmp                                   0x0800a5d5   Thumb Code   128  strcmpv7m.o(.text)
    __I$use$semihosting                      0x0800a655   Thumb Code     0  use_no_semi.o(.text)
    __use_no_semihosting_swi                 0x0800a655   Thumb Code     2  use_no_semi.o(.text)
    __semihosting_library_function           0x0800a657   Thumb Code     0  indicate_semi.o(.text)
    __user_setup_stackheap                   0x0800a657   Thumb Code    74  sys_stackheap_outer.o(.text)
    _chval                                   0x0800a6a1   Thumb Code    28  _chval.o(.text)
    exit                                     0x0800a6bd   Thumb Code    18  exit.o(.text)
    __sig_exit                               0x0800a6cf   Thumb Code    10  defsig_exit.o(.text)
    __rt_SIGRTMEM_inner                      0x0800a6d9   Thumb Code    22  defsig_rtmem_inner.o(.text)
    _sys_exit                                0x0800a729   Thumb Code     8  sys_exit.o(.text)
    __default_signal_display                 0x0800a735   Thumb Code    50  defsig_general.o(.text)
    _ttywrch                                 0x0800a767   Thumb Code    14  sys_wrch.o(.text)
    __hardfp_rint                            0x0800a775   Thumb Code    16  rint.o(i.__hardfp_rint)
    _is_digit                                0x0800a785   Thumb Code    14  __printf_wp.o(i._is_digit)
    _get_lc_ctype                            0x0800a795   Thumb Code    44  lc_ctype_c.o(locale$$code)
    __aeabi_dadd                             0x0800a7c1   Thumb Code     0  daddsub_clz.o(x$fpl$dadd)
    _dadd                                    0x0800a7c1   Thumb Code   332  daddsub_clz.o(x$fpl$dadd)
    __aeabi_d2uiz                            0x0800a911   Thumb Code     0  dfixu.o(x$fpl$dfixu)
    _dfixu                                   0x0800a911   Thumb Code    90  dfixu.o(x$fpl$dfixu)
    __aeabi_ui2d                             0x0800a96b   Thumb Code     0  dflt_clz.o(x$fpl$dfltu)
    _dfltu                                   0x0800a96b   Thumb Code    38  dflt_clz.o(x$fpl$dfltu)
    __aeabi_dmul                             0x0800a991   Thumb Code     0  dmul.o(x$fpl$dmul)
    _dmul                                    0x0800a991   Thumb Code   332  dmul.o(x$fpl$dmul)
    __fpl_dnaninf                            0x0800aae5   Thumb Code   156  dnaninf.o(x$fpl$dnaninf)
    __fpl_dretinf                            0x0800ab81   Thumb Code    12  dretinf.o(x$fpl$dretinf)
    _drnd                                    0x0800ab8d   Thumb Code   180  drnd.o(x$fpl$drnd)
    __aeabi_dsub                             0x0800ac41   Thumb Code     0  daddsub_clz.o(x$fpl$dsub)
    _dsub                                    0x0800ac41   Thumb Code   464  daddsub_clz.o(x$fpl$dsub)
    __aeabi_f2d                              0x0800ae15   Thumb Code     0  f2d.o(x$fpl$f2d)
    _f2d                                     0x0800ae15   Thumb Code    86  f2d.o(x$fpl$f2d)
    __fpl_fnaninf                            0x0800ae6b   Thumb Code   140  fnaninf.o(x$fpl$fnaninf)
    _fp_init                                 0x0800aef7   Thumb Code    10  fpinit.o(x$fpl$fpinit)
    __fplib_config_fpu_vfp                   0x0800aeff   Thumb Code     0  fpinit.o(x$fpl$fpinit)
    __fplib_config_pureend_doubles           0x0800aeff   Thumb Code     0  fpinit.o(x$fpl$fpinit)
    __I$use$fp                               0x0800af00   Number         0  usenofp.o(x$fpl$usenofp)
    Region$$Table$$Base                      0x0800b814   Number         0  anon$$obj.o(Region$$Table)
    Region$$Table$$Limit                     0x0800b834   Number         0  anon$$obj.o(Region$$Table)
    __ctype                                  0x0800b841   Data           0  lc_ctype_c.o(locale$$data)
    TM_DELAY_Initialized                     0x20000010   Data           1  tm_stm32f4_delay.o(.data)
    TM_Time                                  0x20000014   Data           4  tm_stm32f4_delay.o(.data)
    TM_Time2                                 0x20000018   Data           4  tm_stm32f4_delay.o(.data)
    mult                                     0x2000001c   Data           4  tm_stm32f4_delay.o(.data)
    TM_USART1                                0x20000020   Data          16  tm_stm32f4_usart.o(.data)
    TM_USART2                                0x20000030   Data          16  tm_stm32f4_usart.o(.data)
    TM_USART3                                0x20000040   Data          16  tm_stm32f4_usart.o(.data)
    TM_UART4                                 0x20000050   Data          16  tm_stm32f4_usart.o(.data)
    TM_UART5                                 0x20000060   Data          16  tm_stm32f4_usart.o(.data)
    TM_USART6                                0x20000070   Data          16  tm_stm32f4_usart.o(.data)
    TM_RTC_Status                            0x20000080   Data           4  tm_stm32f4_rtc.o(.data)
    RTC_TimeStruct                           0x20000084   Data           4  tm_stm32f4_rtc.o(.data)
    RTC_DateStruct                           0x20000088   Data           4  tm_stm32f4_rtc.o(.data)
    NVIC_InitStruct                          0x2000008c   Data           4  tm_stm32f4_rtc.o(.data)
    EXTI_InitStruct                          0x20000090   Data           8  tm_stm32f4_rtc.o(.data)
    TM_RTC_Months                            0x20000098   Data          24  tm_stm32f4_rtc.o(.data)
    ADC_read                                 0x200000b0   Data           2  main.o(.data)
    ADC_previousRead                         0x200000b2   Data           2  main.o(.data)
    SystemCoreClock                          0x200000b4   Data           4  system_stm32f4xx.o(.data)
    AHBPrescTable                            0x200000b8   Data          16  system_stm32f4xx.o(.data)
    nvicStructure                            0x200000c8   Data           4  samplingtimer.o(.data)
    time                                     0x200000cc   Data           4  tdsc.o(.data)
    TDSC_crossings                           0x200000d0   Data           4  tdsc.o(.data)
    ADC_values                               0x200000d4   Data           6  tdsc.o(.data)
    fres                                     0x200000da   Data           1  sdcard.o(.data)
    SDCardInserted                           0x200000db   Data           1  sdcard.o(.data)
    i                                        0x200000dc   Data           4  usart.o(.data)
    FATFS_LowLevelDrivers                    0x200000e0   Data         180  diskio.o(.data)
    TransferError                            0x20000198   Data           1  fatfs_sd_sdio.o(.data)
    StopCondition                            0x200001a4   Data           4  fatfs_sd_sdio.o(.data)
    TransferEnd                              0x200001a8   Data           4  fatfs_sd_sdio.o(.data)
    DMAEndOfTransfer                         0x200001ac   Data           4  fatfs_sd_sdio.o(.data)
    TM_USART1_Buffer                         0x200001c8   Data          32  tm_stm32f4_usart.o(.bss)
    TM_USART2_Buffer                         0x200001e8   Data          32  tm_stm32f4_usart.o(.bss)
    TM_USART3_Buffer                         0x20000208   Data          32  tm_stm32f4_usart.o(.bss)
    TM_UART4_Buffer                          0x20000228   Data          32  tm_stm32f4_usart.o(.bss)
    TM_UART5_Buffer                          0x20000248   Data          32  tm_stm32f4_usart.o(.bss)
    TM_USART6_Buffer                         0x20000268   Data          32  tm_stm32f4_usart.o(.bss)
    RTC_InitStruct                           0x200003a0   Data          12  tm_stm32f4_rtc.o(.bss)
    clocks                                   0x200003ac   Data          16  main.o(.bss)
    TIM_timeBaseStructure                    0x200003bc   Data          12  samplingtimer.o(.bss)
    SMatrix                                  0x200003c8   Data         112  tdsc.o(.bss)
    AMatrix                                  0x20000438   Data        3136  tdsc.o(.bss)
    fatFs                                    0x20001078   Data         564  sdcard.o(.bss)
    file                                     0x200012ac   Data         552  sdcard.o(.bss)
    fil                                      0x200014d4   Data         552  sdcard.o(.bss)
    SD_Buffer                                0x200016fc   Data         512  sdcard.o(.bss)
    config                                   0x200018fc   Data          12  sdcard.o(.bss)
    datatime                                 0x20001908   Data          16  sdcard.o(.bss)
    buffer                                   0x20001918   Data         512  usart.o(.bss)
    RTC_time                                 0x20001b18   Data          19  usart.o(.bss)
    SDCardInfo                               0x20001bf8   Data          88  fatfs_sd_sdio.o(.bss)
    SDIO_InitStructure                       0x20001c50   Data          24  fatfs_sd_sdio.o(.bss)
    SDIO_CmdInitStructure                    0x20001c68   Data          20  fatfs_sd_sdio.o(.bss)
    SDIO_DataInitStructure                   0x20001c7c   Data          24  fatfs_sd_sdio.o(.bss)
    __libspace_start                         0x20001c94   Data          96  libspace.o(.bss)
    __temporary_stack_top$libspace           0x20001cf4   Data           0  libspace.o(.bss)



==============================================================================

Memory Map of the image

  Image Entry point : 0x08000189

  Load Region LR_IROM1 (Base: 0x08000000, Size: 0x0000baf4, Max: 0x00100000, ABSOLUTE, COMPRESSED[0x0000b9c8])

    Execution Region ER_IROM1 (Base: 0x08000000, Size: 0x0000b944, Max: 0x00100000, ABSOLUTE)

    Base Addr    Size         Type   Attr      Idx    E Section Name        Object

    0x08000000   0x00000188   Data   RO            3    RESET               startup_stm32f40_41xxx.o
    0x08000188   0x00000008   Code   RO         1351  * !!!main             c_w.l(__main.o)
    0x08000190   0x00000034   Code   RO         1627    !!!scatter          c_w.l(__scatter.o)
    0x080001c4   0x0000005a   Code   RO         1625    !!dczerorl2         c_w.l(__dczerorl2.o)
    0x0800021e   0x00000002   PAD
    0x08000220   0x0000001c   Code   RO         1629    !!handler_zi        c_w.l(__scatter_zi.o)
    0x0800023c   0x00000000   Code   RO         1330    .ARM.Collect$$_printf_percent$$00000000  c_w.l(_printf_percent.o)
    0x0800023c   0x00000006   Code   RO         1328    .ARM.Collect$$_printf_percent$$00000009  c_w.l(_printf_d.o)
    0x08000242   0x00000006   Code   RO         1329    .ARM.Collect$$_printf_percent$$0000000A  c_w.l(_printf_u.o)
    0x08000248   0x00000006   Code   RO         1327    .ARM.Collect$$_printf_percent$$00000014  c_w.l(_printf_s.o)
    0x0800024e   0x00000004   Code   RO         1423    .ARM.Collect$$_printf_percent$$00000017  c_w.l(_printf_percent_end.o)
    0x08000252   0x00000002   Code   RO         1564    .ARM.Collect$$libinit$$00000000  c_w.l(libinit.o)
    0x08000254   0x00000004   Code   RO         1435    .ARM.Collect$$libinit$$00000001  c_w.l(libinit2.o)
    0x08000258   0x00000000   Code   RO         1438    .ARM.Collect$$libinit$$00000004  c_w.l(libinit2.o)
    0x08000258   0x00000008   Code   RO         1439    .ARM.Collect$$libinit$$00000005  c_w.l(libinit2.o)
    0x08000260   0x00000000   Code   RO         1441    .ARM.Collect$$libinit$$0000000A  c_w.l(libinit2.o)
    0x08000260   0x00000000   Code   RO         1443    .ARM.Collect$$libinit$$0000000C  c_w.l(libinit2.o)
    0x08000260   0x00000000   Code   RO         1445    .ARM.Collect$$libinit$$0000000E  c_w.l(libinit2.o)
    0x08000260   0x00000006   Code   RO         1446    .ARM.Collect$$libinit$$0000000F  c_w.l(libinit2.o)
    0x08000266   0x00000000   Code   RO         1448    .ARM.Collect$$libinit$$00000011  c_w.l(libinit2.o)
    0x08000266   0x0000000c   Code   RO         1449    .ARM.Collect$$libinit$$00000012  c_w.l(libinit2.o)
    0x08000272   0x00000000   Code   RO         1450    .ARM.Collect$$libinit$$00000013  c_w.l(libinit2.o)
    0x08000272   0x00000000   Code   RO         1452    .ARM.Collect$$libinit$$00000015  c_w.l(libinit2.o)
    0x08000272   0x00000000   Code   RO         1454    .ARM.Collect$$libinit$$00000017  c_w.l(libinit2.o)
    0x08000272   0x00000000   Code   RO         1456    .ARM.Collect$$libinit$$00000019  c_w.l(libinit2.o)
    0x08000272   0x00000000   Code   RO         1458    .ARM.Collect$$libinit$$0000001B  c_w.l(libinit2.o)
    0x08000272   0x00000000   Code   RO         1460    .ARM.Collect$$libinit$$0000001D  c_w.l(libinit2.o)
    0x08000272   0x00000000   Code   RO         1462    .ARM.Collect$$libinit$$0000001F  c_w.l(libinit2.o)
    0x08000272   0x00000000   Code   RO         1464    .ARM.Collect$$libinit$$00000021  c_w.l(libinit2.o)
    0x08000272   0x00000000   Code   RO         1466    .ARM.Collect$$libinit$$00000023  c_w.l(libinit2.o)
    0x08000272   0x00000000   Code   RO         1468    .ARM.Collect$$libinit$$00000025  c_w.l(libinit2.o)
    0x08000272   0x00000000   Code   RO         1472    .ARM.Collect$$libinit$$0000002C  c_w.l(libinit2.o)
    0x08000272   0x00000000   Code   RO         1474    .ARM.Collect$$libinit$$0000002E  c_w.l(libinit2.o)
    0x08000272   0x00000000   Code   RO         1476    .ARM.Collect$$libinit$$00000030  c_w.l(libinit2.o)
    0x08000272   0x00000000   Code   RO         1478    .ARM.Collect$$libinit$$00000032  c_w.l(libinit2.o)
    0x08000272   0x00000002   Code   RO         1479    .ARM.Collect$$libinit$$00000033  c_w.l(libinit2.o)
    0x08000274   0x00000002   Code   RO         1622    .ARM.Collect$$libshutdown$$00000000  c_w.l(libshutdown.o)
    0x08000276   0x00000000   Code   RO         1578    .ARM.Collect$$libshutdown$$00000002  c_w.l(libshutdown2.o)
    0x08000276   0x00000000   Code   RO         1580    .ARM.Collect$$libshutdown$$00000004  c_w.l(libshutdown2.o)
    0x08000276   0x00000000   Code   RO         1583    .ARM.Collect$$libshutdown$$00000007  c_w.l(libshutdown2.o)
    0x08000276   0x00000000   Code   RO         1586    .ARM.Collect$$libshutdown$$0000000A  c_w.l(libshutdown2.o)
    0x08000276   0x00000000   Code   RO         1588    .ARM.Collect$$libshutdown$$0000000C  c_w.l(libshutdown2.o)
    0x08000276   0x00000000   Code   RO         1591    .ARM.Collect$$libshutdown$$0000000F  c_w.l(libshutdown2.o)
    0x08000276   0x00000002   Code   RO         1592    .ARM.Collect$$libshutdown$$00000010  c_w.l(libshutdown2.o)
    0x08000278   0x00000000   Code   RO         1379    .ARM.Collect$$rtentry$$00000000  c_w.l(__rtentry.o)
    0x08000278   0x00000000   Code   RO         1495    .ARM.Collect$$rtentry$$00000002  c_w.l(__rtentry2.o)
    0x08000278   0x00000006   Code   RO         1507    .ARM.Collect$$rtentry$$00000004  c_w.l(__rtentry4.o)
    0x0800027e   0x00000000   Code   RO         1497    .ARM.Collect$$rtentry$$00000009  c_w.l(__rtentry2.o)
    0x0800027e   0x00000004   Code   RO         1498    .ARM.Collect$$rtentry$$0000000A  c_w.l(__rtentry2.o)
    0x08000282   0x00000000   Code   RO         1500    .ARM.Collect$$rtentry$$0000000C  c_w.l(__rtentry2.o)
    0x08000282   0x00000008   Code   RO         1501    .ARM.Collect$$rtentry$$0000000D  c_w.l(__rtentry2.o)
    0x0800028a   0x00000002   Code   RO         1567    .ARM.Collect$$rtexit$$00000000  c_w.l(rtexit.o)
    0x0800028c   0x00000000   Code   RO         1596    .ARM.Collect$$rtexit$$00000002  c_w.l(rtexit2.o)
    0x0800028c   0x00000004   Code   RO         1597    .ARM.Collect$$rtexit$$00000003  c_w.l(rtexit2.o)
    0x08000290   0x00000006   Code   RO         1598    .ARM.Collect$$rtexit$$00000004  c_w.l(rtexit2.o)
    0x08000296   0x00000002   PAD
    0x08000298   0x00000000   Code   RO         1511    .emb_text           c_w.l(maybetermalloc1.o)
    0x08000298   0x00000040   Code   RO            4    .text               startup_stm32f40_41xxx.o
    0x080002d8   0x00000480   Code   RO           13    .text               stm32f4xx_rcc.o
    0x08000758   0x0000020c   Code   RO          144    .text               stm32f4xx_gpio.o
    0x08000964   0x000000b0   Code   RO          168    .text               misc.o
    0x08000a14   0x00000354   Code   RO          192    .text               stm32f4xx_adc.o
    0x08000d68   0x00000358   Code   RO          216    .text               stm32f4xx_usart.o
    0x080010c0   0x000009dc   Code   RO          240    .text               stm32f4xx_tim.o
    0x08001a9c   0x00000320   Code   RO          265    .text               stm32f4xx_dma.o
    0x08001dbc   0x000001b8   Code   RO          289    .text               stm32f4xx_sdio.o
    0x08001f74   0x00000a4c   Code   RO          337    .text               stm32f4xx_rtc.o
    0x080029c0   0x000000e0   Code   RO          362    .text               stm32f4xx_exti.o
    0x08002aa0   0x00000114   Code   RO          386    .text               stm32f4xx_pwr.o
    0x08002bb4   0x0000007c   Code   RO          410    .text               stm32f4xx_syscfg.o
    0x08002c30   0x00000180   Code   RO          434    .text               tm_stm32f4_delay.o
    0x08002db0   0x0000033c   Code   RO          482    .text               tm_stm32f4_adc.o
    0x080030ec   0x000006a4   Code   RO          513    .text               tm_stm32f4_usart.o
    0x08003790   0x0000029c   Code   RO          549    .text               tm_stm32f4_gpio.o
    0x08003a2c   0x0000028c   Code   RO          576    .text               tm_stm32f4_fatfs.o
    0x08003cb8   0x0000091c   Code   RO          654    .text               tm_stm32f4_rtc.o
    0x080045d4   0x000000e4   Code   RO          685    .text               main.o
    0x080046b8   0x0000001a   Code   RO          753    .text               stm32f4xx_it.o
    0x080046d2   0x00000002   PAD
    0x080046d4   0x0000017c   Code   RO          780    .text               system_stm32f4xx.o
    0x08004850   0x000000f0   Code   RO          810    .text               samplingtimer.o
    0x08004940   0x00000120   Code   RO          851    .text               lpfclock.o
    0x08004a60   0x00000164   Code   RO          876    .text               tdsc.o
    0x08004bc4   0x00000024   Code   RO          914    .text               codebook.o
    0x08004be8   0x0000050c   Code   RO          931    .text               sdcard.o
    0x080050f4   0x000000d0   Code   RO          965    .text               leds.o
    0x080051c4   0x000000e4   Code   RO          989    .text               classifier.o
    0x080052a8   0x00000108   Code   RO         1013    .text               usart.o
    0x080053b0   0x00000130   Code   RO         1052    .text               diskio.o
    0x080054e0   0x00002d34   Code   RO         1095    .text               ff.o
    0x08008214   0x00000008   Code   RO         1119    .text               syscall.o
    0x0800821c   0x0000005c   Code   RO         1140    .text               unicode.o
    0x08008278   0x000019da   Code   RO         1200    .text               fatfs_sd_sdio.o
    0x08009c52   0x00000002   PAD
    0x08009c54   0x00000010   Code   RO         1231    .text               c_w.l(rt_ctype_table.o)
    0x08009c64   0x0000005e   Code   RO         1237    .text               c_w.l(h1_alloc.o)
    0x08009cc2   0x0000004e   Code   RO         1239    .text               c_w.l(h1_free.o)
    0x08009d10   0x00000028   Code   RO         1297    .text               c_w.l(noretval__2sprintf.o)
    0x08009d38   0x0000004e   Code   RO         1301    .text               c_w.l(_printf_pad.o)
    0x08009d86   0x00000052   Code   RO         1303    .text               c_w.l(_printf_str.o)
    0x08009dd8   0x00000078   Code   RO         1305    .text               c_w.l(_printf_dec.o)
    0x08009e50   0x00000138   Code   RO         1319    .text               c_w.l(__printf_flags_wp.o)
    0x08009f88   0x0000001a   Code   RO         1331    .text               c_w.l(atoi.o)
    0x08009fa2   0x00000004   Code   RO         1333    .text               c_w.l(strtok_r.o)
    0x08009fa6   0x00000024   Code   RO         1335    .text               c_w.l(strstr.o)
    0x08009fca   0x00000048   Code   RO         1337    .text               c_w.l(strcpy.o)
    0x0800a012   0x0000003e   Code   RO         1339    .text               c_w.l(strlen.o)
    0x0800a050   0x0000008a   Code   RO         1341    .text               c_w.l(rt_memcpy_v6.o)
    0x0800a0da   0x00000044   Code   RO         1343    .text               c_w.l(rt_memclr.o)
    0x0800a11e   0x0000004e   Code   RO         1345    .text               c_w.l(rt_memclr_w.o)
    0x0800a16c   0x00000056   Code   RO         1347    .text               c_w.l(strncpy.o)
    0x0800a1c2   0x00000006   Code   RO         1349    .text               c_w.l(heapauxi.o)
    0x0800a1c8   0x00000008   Code   RO         1383    .text               c_w.l(rt_heap_descriptor_intlibspace.o)
    0x0800a1d0   0x00000008   Code   RO         1388    .text               c_w.l(rt_locale_intlibspace.o)
    0x0800a1d8   0x00000008   Code   RO         1393    .text               c_w.l(rt_errno_addr_intlibspace.o)
    0x0800a1e0   0x00000004   Code   RO         1395    .text               c_w.l(hguard.o)
    0x0800a1e4   0x0000008a   Code   RO         1397    .text               c_w.l(init_alloc.o)
    0x0800a26e   0x0000000e   Code   RO         1401    .text               c_w.l(h1_init.o)
    0x0800a27c   0x000000b2   Code   RO         1415    .text               c_w.l(_printf_intcommon.o)
    0x0800a32e   0x00000002   PAD
    0x0800a330   0x00000030   Code   RO         1417    .text               c_w.l(_printf_char_common.o)
    0x0800a360   0x0000000a   Code   RO         1419    .text               c_w.l(_sputc.o)
    0x0800a36a   0x0000002c   Code   RO         1421    .text               c_w.l(_printf_char.o)
    0x0800a396   0x00000070   Code   RO         1424    .text               c_w.l(strtol.o)
    0x0800a406   0x00000002   PAD
    0x0800a408   0x00000044   Code   RO         1429    .text               c_w.l(strtok_int.o)
    0x0800a44c   0x00000064   Code   RO         1431    .text               c_w.l(rt_memcpy_w.o)
    0x0800a4b0   0x00000008   Code   RO         1491    .text               c_w.l(libspace.o)
    0x0800a4b8   0x00000034   Code   RO         1513    .text               c_w.l(h1_extend.o)
    0x0800a4ec   0x0000009e   Code   RO         1519    .text               c_w.l(_strtoul.o)
    0x0800a58a   0x0000000e   Code   RO         1521    .text               c_w.l(defsig_rtmem_outer.o)
    0x0800a598   0x00000020   Code   RO         1525    .text               c_w.l(strcspn.o)
    0x0800a5b8   0x0000001c   Code   RO         1527    .text               c_w.l(strspn.o)
    0x0800a5d4   0x00000080   Code   RO         1529    .text               c_w.l(strcmpv7m.o)
    0x0800a654   0x00000002   Code   RO         1538    .text               c_w.l(use_no_semi.o)
    0x0800a656   0x00000000   Code   RO         1540    .text               c_w.l(indicate_semi.o)
    0x0800a656   0x0000004a   Code   RO         1541    .text               c_w.l(sys_stackheap_outer.o)
    0x0800a6a0   0x0000001c   Code   RO         1547    .text               c_w.l(_chval.o)
    0x0800a6bc   0x00000012   Code   RO         1549    .text               c_w.l(exit.o)
    0x0800a6ce   0x0000000a   Code   RO         1551    .text               c_w.l(defsig_exit.o)
    0x0800a6d8   0x00000050   Code   RO         1553    .text               c_w.l(defsig_rtmem_inner.o)
    0x0800a728   0x0000000c   Code   RO         1565    .text               c_w.l(sys_exit.o)
    0x0800a734   0x00000032   Code   RO         1575    .text               c_w.l(defsig_general.o)
    0x0800a766   0x0000000e   Code   RO         1593    .text               c_w.l(sys_wrch.o)
    0x0800a774   0x00000010   Code   RO         1373    i.__hardfp_rint     m_wm.l(rint.o)
    0x0800a784   0x0000000e   Code   RO         1317    i._is_digit         c_w.l(__printf_wp.o)
    0x0800a792   0x00000002   PAD
    0x0800a794   0x0000002c   Code   RO         1427    locale$$code        c_w.l(lc_ctype_c.o)
    0x0800a7c0   0x00000150   Code   RO         1353    x$fpl$dadd          fz_wm.l(daddsub_clz.o)
    0x0800a910   0x0000005a   Code   RO         1359    x$fpl$dfixu         fz_wm.l(dfixu.o)
    0x0800a96a   0x00000026   Code   RO         1363    x$fpl$dfltu         fz_wm.l(dflt_clz.o)
    0x0800a990   0x00000154   Code   RO         1369    x$fpl$dmul          fz_wm.l(dmul.o)
    0x0800aae4   0x0000009c   Code   RO         1480    x$fpl$dnaninf       fz_wm.l(dnaninf.o)
    0x0800ab80   0x0000000c   Code   RO         1482    x$fpl$dretinf       fz_wm.l(dretinf.o)
    0x0800ab8c   0x000000b4   Code   RO         1484    x$fpl$drnd          fz_wm.l(drnd.o)
    0x0800ac40   0x000001d4   Code   RO         1355    x$fpl$dsub          fz_wm.l(daddsub_clz.o)
    0x0800ae14   0x00000056   Code   RO         1371    x$fpl$f2d           fz_wm.l(f2d.o)
    0x0800ae6a   0x0000008c   Code   RO         1486    x$fpl$fnaninf       fz_wm.l(fnaninf.o)
    0x0800aef6   0x0000000a   Code   RO         1536    x$fpl$fpinit        fz_wm.l(fpinit.o)
    0x0800af00   0x00000000   Code   RO         1488    x$fpl$usenofp       fz_wm.l(usenofp.o)
    0x0800af00   0x00000318   Data   RO          915    .constdata          codebook.o
    0x0800b218   0x000000e0   Data   RO         1097    .constdata          ff.o
    0x0800b2f8   0x000004c0   Data   RO         1141    .constdata          unicode.o
    0x0800b7b8   0x00000011   Data   RO         1320    .constdata          c_w.l(__printf_flags_wp.o)
    0x0800b7c9   0x00000003   PAD
    0x0800b7cc   0x00000046   Data   RO         1098    .conststring        ff.o
    0x0800b812   0x00000002   PAD
    0x0800b814   0x00000020   Data   RO         1623    Region$$Table       anon$$obj.o
    0x0800b834   0x00000110   Data   RO         1426    locale$$data        c_w.l(lc_ctype_c.o)


    Execution Region RW_IRAM1 (Base: 0x20000000, Size: 0x0000ecf8, Max: 0x00020000, ABSOLUTE, COMPRESSED[0x00000084])

    Base Addr    Size         Type   Attr      Idx    E Section Name        Object

    0x20000000   0x00000010   Data   RW           14    .data               stm32f4xx_rcc.o
    0x20000010   0x00000010   Data   RW          437    .data               tm_stm32f4_delay.o
    0x20000020   0x00000060   Data   RW          520    .data               tm_stm32f4_usart.o
    0x20000080   0x00000030   Data   RW          656    .data               tm_stm32f4_rtc.o
    0x200000b0   0x00000004   Data   RW          688    .data               main.o
    0x200000b4   0x00000014   Data   RW          781    .data               system_stm32f4xx.o
    0x200000c8   0x00000004   Data   RW          812    .data               samplingtimer.o
    0x200000cc   0x0000000e   Data   RW          878    .data               tdsc.o
    0x200000da   0x00000002   Data   RW          933    .data               sdcard.o
    0x200000dc   0x00000004   Data   RW         1016    .data               usart.o
    0x200000e0   0x000000b4   Data   RW         1053    .data               diskio.o
    0x20000194   0x00000004   Data   RW         1099    .data               ff.o
    0x20000198   0x00000018   Data   RW         1202    .data               fatfs_sd_sdio.o
    0x200001b0   0x00000018   Zero   RW          435    .bss                tm_stm32f4_delay.o
    0x200001c8   0x00000020   Zero   RW          514    .bss                tm_stm32f4_usart.o
    0x200001e8   0x00000020   Zero   RW          515    .bss                tm_stm32f4_usart.o
    0x20000208   0x00000020   Zero   RW          516    .bss                tm_stm32f4_usart.o
    0x20000228   0x00000020   Zero   RW          517    .bss                tm_stm32f4_usart.o
    0x20000248   0x00000020   Zero   RW          518    .bss                tm_stm32f4_usart.o
    0x20000268   0x00000020   Zero   RW          519    .bss                tm_stm32f4_usart.o
    0x20000288   0x00000016   Zero   RW          550    .bss                tm_stm32f4_gpio.o
    0x2000029e   0x00000100   Zero   RW          577    .bss                tm_stm32f4_fatfs.o
    0x2000039e   0x00000002   PAD
    0x200003a0   0x0000000c   Zero   RW          655    .bss                tm_stm32f4_rtc.o
    0x200003ac   0x00000010   Zero   RW          686    .bss                main.o
    0x200003bc   0x0000000c   Zero   RW          811    .bss                samplingtimer.o
    0x200003c8   0x00000cb0   Zero   RW          877    .bss                tdsc.o
    0x20001078   0x000008a0   Zero   RW          932    .bss                sdcard.o
    0x20001918   0x00000213   Zero   RW         1014    .bss                usart.o
    0x20001b2b   0x00000001   PAD
    0x20001b2c   0x0000009c   Zero   RW         1096    .bss                ff.o
    0x20001bc8   0x000000cc   Zero   RW         1201    .bss                fatfs_sd_sdio.o
    0x20001c94   0x00000060   Zero   RW         1492    .bss                c_w.l(libspace.o)
    0x20001cf4   0x00000004   PAD
    0x20001cf8   0x00008000   Zero   RW            2    HEAP                startup_stm32f40_41xxx.o
    0x20009cf8   0x00005000   Zero   RW            1    STACK               startup_stm32f40_41xxx.o

